******************************************************************************
                  TI ARM Linker PC v18.12.1                    
******************************************************************************
>> Linked Wed Jul 31 21:52:42 2019

OUTPUT FILE NAME:   <Jacki_FSM.out>
ENTRY POINT SYMBOL: "_c_int00_noargs"  address: 0000438d


MEMORY CONFIGURATION

         name            origin    length      used     unused   attr    fill
----------------------  --------  ---------  --------  --------  ----  --------
  MAIN                  00000000   00040000  00004786  0003b87a  R  X
  INFO                  00200000   00004000  00000000  00004000  R  X
  SRAM_CODE             01000000   00010000  00000d9c  0000f264  RW X
  SRAM_DATA             20000000   00010000  00000d9c  0000f264  RW  


SEGMENT ALLOCATION MAP

run origin  load origin   length   init length attrs members
----------  ----------- ---------- ----------- ----- -------
00000000    00000000    00004788   00004788    r-x
  00000000    00000000    000000e4   000000e4    r-- .intvecs
  000000e4    000000e4    0000448a   0000448a    r-x .text
  00004570    00004570    000000c8   000000c8    r-- .const
  00004638    00004638    00000150   00000150    r-- .cinit
20000000    20000000    00000ba0   00000000    rw-
  20000000    20000000    0000047c   00000000    rw- .bss
  20000480    20000480    00000400   00000000    rw- .sysmem
  20000880    20000880    00000320   00000000    rw- .data
2000fe00    2000fe00    00000200   00000000    rw-
  2000fe00    2000fe00    00000200   00000000    rw- .stack


SECTION ALLOCATION MAP

 output                                  attributes/
section   page    origin      length       input sections
--------  ----  ----------  ----------   ----------------
.intvecs   0    00000000    000000e4     
                  00000000    000000e4     startup_msp432p401r_ccs.obj (.intvecs:retain)

.text      0    000000e4    0000448a     
                  000000e4    00001014     AP.obj (.text)
                  000010f8    000006e0     UART0.obj (.text)
                  000017d8    000006c8     TExaS.obj (.text)
                  00001ea0    00000524     JackiFSMmain.obj (.text)
                  000023c4    00000420     PWM.obj (.text)
                  000027e4    0000032c     system_msp432p401r.obj (.text)
                  00002b10    000001e0     Clock.obj (.text)
                  00002cf0    000001d4     TA3InputCapture.obj (.text)
                  00002ec4    000001c8     Reflectance.obj (.text)
                  0000308c    000001a4     UART1.obj (.text)
                  00003230    0000018c     Motor.obj (.text)
                  000033bc    0000010c     rtsv7M4_T_le_v4SPD16_eabi.lib : fopen.c.obj (.text:_openfile)
                  000034c8    000000f4     LaunchPad.obj (.text)
                  000035bc    000000f4     rtsv7M4_T_le_v4SPD16_eabi.lib : memory.c.obj (.text:aligned_alloc)
                  000036b0    000000e8                                   : memory.c.obj (.text:free)
                  00003798    000000dc                                   : setvbuf.c.obj (.text:setvbuf)
                  00003874    000000c0     GPIO.obj (.text)
                  00003934    000000bc     rtsv7M4_T_le_v4SPD16_eabi.lib : open.c.obj (.text:open)
                  000039f0    000000b8                                   : add_device.c.obj (.text:add_device)
                  00003aa8    000000a8     TimerA1.obj (.text)
                  00003b50    0000009c     rtsv7M4_T_le_v4SPD16_eabi.lib : fopen.c.obj (.text:fopen)
                  00003bec    0000009c                                   : memcpy_t2.asm.obj (.text)
                  00003c88    0000007c                                   : memory.c.obj (.text:split)
                  00003d04    0000007a                                   : memset_t2.asm.obj (.text)
                  00003d7e    00000002                                   : _lock.c.obj (.text:_nop)
                  00003d80    00000078     Bump.obj (.text)
                  00003df8    00000074     rtsv7M4_T_le_v4SPD16_eabi.lib : fclose.c.obj (.text:__TI_closefile)
                  00003e6c    00000068                                   : hostlseek.c.obj (.text:HOSTlseek)
                  00003ed4    00000068                                   : hostrename.c.obj (.text:HOSTrename)
                  00003f3c    00000068                                   : copy_decompress_lzss.c.obj (.text:decompress:lzss:__TI_decompress_lzss)
                  00003fa4    00000060                                   : hostopen.c.obj (.text:HOSTopen)
                  00004004    0000005c                                   : close.c.obj (.text:close)
                  00004060    00000058                                   : hostread.c.obj (.text:HOSTread)
                  000040b8    00000058                                   : hostwrite.c.obj (.text:HOSTwrite)
                  00004110    0000004c                                   : fflush.c.obj (.text:__TI_doflush)
                  0000415c    00000048                                   : exit.c.obj (.text:exit)
                  000041a4    00000044                                   : hostclose.c.obj (.text:HOSTclose)
                  000041e8    00000044                                   : hostunlink.c.obj (.text:HOSTunlink)
                  0000422c    00000044                                   : autoinit.c.obj (.text:__TI_auto_init_nobinit_nopinit:__TI_auto_init_nobinit_nopinit)
                  00004270    00000044                                   : getdevice.c.obj (.text:getdevice)
                  000042b4    00000038                                   : trgmsg.c.obj (.text:__TI_writemsg)
                  000042ec    00000036                                   : strncpy.c.obj (.text:strncpy)
                  00004322    00000002     --HOLE-- [fill = 0]
                  00004324    00000034                                   : fopen.c.obj (.text:__TI_cleanup)
                  00004358    00000034                                   : trgmsg.c.obj (.text:__TI_readmsg)
                  0000438c    00000034                                   : boot_cortex_m.c.obj (.text:_c_int00_noargs:_c_int00_noargs)
                  000043c0    00000034                                   : fopen.c.obj (.text:freopen)
                  000043f4    00000030                                   : getdevice.c.obj (.text:finddevice)
                  00004424    0000002c                                   : unlink.c.obj (.text:unlink)
                  00004450    00000028                                   : memory.c.obj (.text:free_list_insert)
                  00004478    00000028                                   : write.c.obj (.text:write)
                  000044a0    00000024     CortexM.obj (.text)
                  000044c4    0000001c     rtsv7M4_T_le_v4SPD16_eabi.lib : memory.c.obj (.text:free_list_remove)
                  000044e0    00000018                                   : strcmp.c.obj (.text:strcmp)
                  000044f8    00000016                                   : strchr.c.obj (.text:strchr)
                  0000450e    00000014                                   : strcpy.c.obj (.text:strcpy)
                  00004522    00000014                                   : strlen.c.obj (.text:strlen)
                  00004536    0000000e                                   : copy_decompress_none.c.obj (.text:decompress:none:__TI_decompress_none)
                  00004544    0000000e     startup_msp432p401r_ccs.obj (.text)
                  00004552    0000000c     rtsv7M4_T_le_v4SPD16_eabi.lib : copy_zero_init.c.obj (.text:decompress:ZI:__TI_zero_init)
                  0000455e    00000008                                   : memory.c.obj (.text:malloc)
                  00004566    00000004                                   : pre_init.c.obj (.text:_system_pre_init)
                  0000456a    00000004                                   : exit.c.obj (.text:abort:abort)

.const     0    00004570    000000c8     
                  00004570    00000048     JackiFSMmain.obj (.const:fsm)
                  000045b8    00000020     Reflectance.obj (.const:Mask)
                  000045d8    00000020     Reflectance.obj (.const:Weight)
                  000045f8    00000014     AP.obj (.const:.string:NPI_StartAdvertisement)
                  0000460c    00000011     AP.obj (.const:.string:NPI_SetAdvertisement1)
                  0000461d    00000009     AP.obj (.const:.string:HCI_EXT_ResetSystemCmd)
                  00004626    00000006     AP.obj (.const:.string:NPI_GetStatus)
                  0000462c    00000006     AP.obj (.const:.string:NPI_GetVersion)
                  00004632    00000006     AP.obj (.const:.string:NPI_Register)

.cinit     0    00004638    00000150     
                  00004638    00000127     (.cinit..data.load) [load image, compression = lzss]
                  0000475f    00000001     --HOLE-- [fill = 0]
                  00004760    0000000c     (__TI_handler_table)
                  0000476c    00000004     --HOLE-- [fill = 0]
                  00004770    00000008     (.cinit..bss.load) [load image, compression = zero_init]
                  00004778    00000010     (__TI_cinit_table)

.init_array 
*          0    00000000    00000000     UNINITIALIZED

.binit     0    00000000    00000000     

.bss       0    20000000    0000047c     UNINITIALIZED
                  20000000    00000120     rtsv7M4_T_le_v4SPD16_eabi.lib : trgmsg.c.obj (.bss:_CIOBUF_)
                  20000120    00000100     (.common:RxFIFO)
                  20000220    000000a0     (.common:CharacteristicList)
                  200002c0    000000a0     (.common:__TI_tmpnams)
                  20000360    00000080     (.common:RecvBuf)
                  200003e0    00000050     (.common:NotifyCharacteristicList)
                  20000430    00000008     (.common:Messageb)
                  20000438    00000008     (.common:parmbuf)
                  20000440    00000004     (.common:Input)
                  20000444    00000004     (.common:Messageindexb)
                  20000448    00000004     (.common:NoSOFErr)
                  2000044c    00000004     (.common:Output)
                  20000450    00000004     (.common:PeriodicTask2)
                  20000454    00000004     (.common:RxFifoLost)
                  20000458    00000004     (.common:RxGetI)
                  2000045c    00000004     (.common:RxPutI)
                  20000460    00000004     (.common:Spt)
                  20000464    00000004     (.common:Switch2)
                  20000468    00000004     (.common:TimeOutErr)
                  2000046c    00000004     (.common:TimerA1Task)
                  20000470    00000004     (.common:fcserr)
                  20000474    00000002     (.common:Switch1)
                  20000476    00000002     (.common:left)
                  20000478    00000002     (.common:right)
                  2000047a    00000001     (.common:LogicData)
                  2000047b    00000001     (.common:Reflectanceresult)

.sysmem    0    20000480    00000400     UNINITIALIZED
                  20000480    00000010     rtsv7M4_T_le_v4SPD16_eabi.lib : memory.c.obj (.sysmem)
                  20000490    000003f0     --HOLE--

.data      0    20000880    00000320     UNINITIALIZED
                  20000880    000000f0     rtsv7M4_T_le_v4SPD16_eabi.lib : defs.c.obj (.data:_ftable)
                  20000970    00000078                                   : host_device.c.obj (.data:_device)
                  200009e8    00000050                                   : host_device.c.obj (.data:_stream)
                  20000a38    00000025     AP.obj (.data:NPI_SetAdvertisementData)
                  20000a5d    00000020     AP.obj (.data:NPI_AddCharDescriptor)
                  20000a7d    0000001e     AP.obj (.data:NPI_SetAdvertisementDataJacki)
                  20000a9b    0000001c     AP.obj (.data:NPI_GATTSetDeviceName)
                  20000ab7    00000001     --HOLE--
                  20000ab8    00000018     Clock.obj (.data)
                  20000ad0    00000015     AP.obj (.data:NPI_GATTSetDeviceNameJacki)
                  20000ae5    00000015     AP.obj (.data:NPI_ReadConfirmation)
                  20000afa    00000014     AP.obj (.data:NPI_SendNotificationIndication)
                  20000b0e    00000002     --HOLE--
                  20000b10    00000010     rtsv7M4_T_le_v4SPD16_eabi.lib : defs.c.obj (.data)
                  20000b20    0000000e     AP.obj (.data:NPI_AddCharValue)
                  20000b2e    00000002     --HOLE--
                  20000b30    0000000c     rtsv7M4_T_le_v4SPD16_eabi.lib : exit.c.obj (.data:$O1$$)
                  20000b3c    0000000c     TA3InputCapture.obj (.data)
                  20000b48    0000000c     TExaS.obj (.data)
                  20000b54    00000009     AP.obj (.data:NPI_AddService)
                  20000b5d    00000009     AP.obj (.data:NPI_CCCDUpdatedConfirmation)
                  20000b66    00000009     AP.obj (.data:NPI_WriteConfirmation)
                  20000b6f    00000001     --HOLE--
                  20000b70    00000008     rtsv7M4_T_le_v4SPD16_eabi.lib : _lock.c.obj (.data:$O1$$)
                  20000b78    00000008                                   : memory.c.obj (.data:$O1$$)
                  20000b80    00000008     AP.obj (.data)
                  20000b88    00000008     JackiFSMmain.obj (.data)
                  20000b90    00000004     rtsv7M4_T_le_v4SPD16_eabi.lib : add_device.c.obj (.data)
                  20000b94    00000004                                   : fopen.c.obj (.data)
                  20000b98    00000004                                   : open.c.obj (.data)
                  20000b9c    00000004     system_msp432p401r.obj (.data)

.stack     0    2000fe00    00000200     UNINITIALIZED
                  2000fe00    00000004     rtsv7M4_T_le_v4SPD16_eabi.lib : boot_cortex_m.c.obj (.stack)
                  2000fe04    000001fc     --HOLE--

MODULE SUMMARY

       Module                        code    ro data   rw data
       ------                        ----    -------   -------
    ..\
       AP.obj                        4116    64        1236   
       UART0.obj                     1760    0         24     
       PWM.obj                       1056    0         0      
       Reflectance.obj               456     64        2      
       TA3InputCapture.obj           468     0         24     
       Motor.obj                     396     0         0      
       TimerA1.obj                   168     0         8      
       Bump.obj                      120     0         0      
    +--+-----------------------------+-------+---------+---------+
       Total:                        8540    128       1294   
                                                              
    .\
       TExaS.obj                     1736    0         34     
       JackiFSMmain.obj              1316    72        60     
       UART1.obj                     420     0         536    
       system_msp432p401r.obj        812     0         8      
       Clock.obj                     480     0         48     
       LaunchPad.obj                 244     0         0      
       startup_msp432p401r_ccs.obj   14      228       0      
       GPIO.obj                      192     0         0      
       CortexM.obj                   36      0         0      
    +--+-----------------------------+-------+---------+---------+
       Total:                        5250    300       686    
                                                              
    E:\ti\ccs900\ccs\tools\compiler\ti-cgt-arm_18.12.1.LTS\lib\rtsv7M4_T_le_v4SPD16_eabi.lib
       defs.c.obj                    0       0         832    
       memory.c.obj                  676     0         16     
       trgmsg.c.obj                  108     0         576    
       fopen.c.obj                   528     0         8      
       host_device.c.obj             0       0         400    
       setvbuf.c.obj                 220     0         0      
       open.c.obj                    188     0         8      
       add_device.c.obj              184     0         8      
       memcpy_t2.asm.obj             156     0         0      
       memset_t2.asm.obj             122     0         0      
       fclose.c.obj                  116     0         0      
       getdevice.c.obj               116     0         0      
       hostopen.c.obj                96      0         16     
       copy_decompress_lzss.c.obj    104     0         0      
       hostlseek.c.obj               104     0         0      
       hostrename.c.obj              104     0         0      
       exit.c.obj                    76      0         24     
       close.c.obj                   92      0         0      
       hostread.c.obj                88      0         0      
       hostwrite.c.obj               88      0         0      
       fflush.c.obj                  76      0         0      
       autoinit.c.obj                68      0         0      
       hostclose.c.obj               68      0         0      
       hostunlink.c.obj              68      0         0      
       strncpy.c.obj                 54      0         0      
       boot_cortex_m.c.obj           52      0         0      
       unlink.c.obj                  44      0         0      
       write.c.obj                   40      0         0      
       strcmp.c.obj                  24      0         0      
       strchr.c.obj                  22      0         0      
       strcpy.c.obj                  20      0         0      
       strlen.c.obj                  20      0         0      
       _lock.c.obj                   2       0         16     
       copy_decompress_none.c.obj    14      0         0      
       copy_zero_init.c.obj          12      0         0      
       pre_init.c.obj                4       0         0      
    +--+-----------------------------+-------+---------+---------+
       Total:                        3754    0         1904   
                                                              
       Heap:                         0       0         2048   
       Stack:                        0       0         1024   
       Linker Generated:             0       331       0      
    +--+-----------------------------+-------+---------+---------+
       Grand Total:                  17544   759       6956   


LINKER GENERATED COPY TABLES

__TI_cinit_table @ 00004778 records: 2, size/record: 8, table size: 16
	.data: load addr=00004638, load size=00000127 bytes, run addr=20000880, run size=00000320 bytes, compression=lzss
	.bss: load addr=00004770, load size=00000008 bytes, run addr=20000000, run size=0000047c bytes, compression=zero_init


LINKER GENERATED HANDLER TABLE

__TI_handler_table @ 00004760 records: 3, size/record: 4, table size: 12
	index: 0, handler: __TI_decompress_lzss
	index: 1, handler: __TI_decompress_none
	index: 2, handler: __TI_zero_init


GLOBAL SYMBOLS: SORTED ALPHABETICALLY BY Name 

address   name                                   
-------   ----                                   
00004551  ADC14_IRQHandler                       
00001be5  ADC_Init                               
00004551  AES256_IRQHandler                      
00000745  AP_AddCharacteristic                   
00000901  AP_AddNotifyCharacteristic             
000006ed  AP_AddService                          
00000e15  AP_BackgroundProcess                   
00000289  AP_EchoReceived                        
0000021d  AP_EchoSendMessage                     
000006d7  AP_GetNotifyCCCD                       
000001f3  AP_GetSize                             
00000ce9  AP_GetStatus                           
00000d21  AP_GetVersion                          
0000010d  AP_Init                                
000004ad  AP_RecvMessage                         
00000689  AP_RecvStatus                          
00000725  AP_RegisterService                     
000000e5  AP_Reset                               
00000311  AP_SendMessage                         
00000697  AP_SendMessageResponse                 
00000b2d  AP_SendNotification                    
00000c2d  AP_StartAdvertisement                  
00000c81  AP_StartAdvertisementJacki             
00002061  BLE_Init                               
00003d81  Bump_Init                              
00003db5  Bump_Read                              
00004551  BusFault_Handler                       
0000203d  Button1                                
0000204f  Button2                                
0000456b  C$$EXIT                                
000042e3  C$$IO$$                                
00004551  COMP_E0_IRQHandler                     
00004551  COMP_E1_IRQHandler                     
20000ac0  CPMwait                                
00004551  CS_IRQHandler                          
20000b3c  CaptureTask0                           
20000b40  CaptureTask1                           
20000b44  CaptureTask2                           
20000b80  CharacteristicCount                    
20000220  CharacteristicList                     
20000ab8  ClockFrequency                         
00002c65  Clock_Delay1ms                         
00002c3b  Clock_Delay1us                         
00002c27  Clock_GetFreq                          
00002b11  Clock_Init48MHz                        
20000acc  Crystalstable                          
00004551  DMA_ERR_IRQHandler                     
00004551  DMA_INT0_IRQHandler                    
00004551  DMA_INT1_IRQHandler                    
00004551  DMA_INT2_IRQHandler                    
00004551  DMA_INT3_IRQHandler                    
00004551  DebugMon_Handler                       
00004551  Default_Handler                        
000044a1  DisableInterrupts                      
00004551  EUSCIA0_IRQHandler                     
00004551  EUSCIA1_IRQHandler                     
000031b5  EUSCIA2_IRQHandler                     
000031b5  EUSCIA2_IRQHandler                     
00004551  EUSCIA3_IRQHandler                     
00004551  EUSCIB0_IRQHandler                     
00004551  EUSCIB1_IRQHandler                     
00004551  EUSCIB2_IRQHandler                     
00004551  EUSCIB3_IRQHandler                     
000044a7  EnableInterrupts                       
000044b7  EndCritical                            
00004551  FLCTL_IRQHandler                       
00004551  FPU_IRQHandler                         
00003875  GPIO_Init                              
0000461d  HCI_EXT_ResetSystemCmd                 
000041a5  HOSTclose                              
00003e6d  HOSTlseek                              
00003fa5  HOSTopen                               
00004061  HOSTread                               
00003ed5  HOSTrename                             
000041e9  HOSTunlink                             
000040b9  HOSTwrite                              
00004551  HardFault_Handler                      
20000ac8  IFlags                                 
20000440  Input                                  
20000b89  JackiBumpSensor                        
20000b88  JackiCommand                           
20000b8a  JackiSpeed                             
000034c9  LaunchPad_Init                         
00003539  LaunchPad_Input                        
00003553  LaunchPad_LED                          
00003571  LaunchPad_Output                       
000017d9  LogicAnalyzer                          
000017e3  LogicAnalyzer_P1                       
000018b9  LogicAnalyzer_P10                      
000017f1  LogicAnalyzer_P2                       
000018c7  LogicAnalyzer_P27_P26_P82_P92_P104_P105
000017ff  LogicAnalyzer_P2_7654                  
0000180f  LogicAnalyzer_P3                       
0000181d  LogicAnalyzer_P4                       
0000183b  LogicAnalyzer_P4_765320                
0000182b  LogicAnalyzer_P4_765432                
00001873  LogicAnalyzer_P5                       
000018ff  LogicAnalyzer_P55_P54_P27_P26_P37_P36  
00001881  LogicAnalyzer_P6                       
0000188f  LogicAnalyzer_P7                       
0000189d  LogicAnalyzer_P8                       
000018ab  LogicAnalyzer_P9                       
2000047a  LogicData                              
000045b8  Mask                                   
00004551  MemManage_Handler                      
20000430  Messageb                               
20000444  Messageindexb                          
0000335f  Motor_Backward                         
00003297  Motor_Forward                          
00003231  Motor_Init                             
00003319  Motor_Left                             
000032d3  Motor_Right                            
00003283  Motor_Stop                             
00004551  NMI_Handler                            
20000a5d  NPI_AddCharDescriptor                  
20000b20  NPI_AddCharValue                       
20000b54  NPI_AddService                         
20000b5d  NPI_CCCDUpdatedConfirmation            
20000a9b  NPI_GATTSetDeviceName                  
20000ad0  NPI_GATTSetDeviceNameJacki             
00004626  NPI_GetStatus                          
0000462c  NPI_GetVersion                         
20000ae5  NPI_ReadConfirmation                   
00004632  NPI_Register                           
20000afa  NPI_SendNotificationIndication         
0000460c  NPI_SetAdvertisement1                  
20000a38  NPI_SetAdvertisementData               
20000a7d  NPI_SetAdvertisementDataJacki          
000045f8  NPI_StartAdvertisement                 
20000b66  NPI_WriteConfirmation                  
20000448  NoSOFErr                               
20000b84  NotifyCharacteristicCount              
200003e0  NotifyCharacteristicList               
00001ecd  OutValue                               
2000044c  Output                                 
00004551  PCM_IRQHandler                         
00004551  PORT1_IRQHandler                       
00004551  PORT2_IRQHandler                       
00004551  PORT3_IRQHandler                       
00004551  PORT4_IRQHandler                       
00004551  PORT5_IRQHandler                       
00004551  PORT6_IRQHandler                       
00004551  PSS_IRQHandler                         
000024af  PWM_Duty1                              
000024cf  PWM_Duty2                              
00002573  PWM_Duty3                              
00002593  PWM_Duty4                              
000023c5  PWM_Init1                              
0000242b  PWM_Init12                             
000024ef  PWM_Init34                             
000026db  PWM_RobotArmDuty0                      
00002701  PWM_RobotArmDuty1                      
00002727  PWM_RobotArmDuty2                      
000026fb  PWM_RobotArmGetDuty0                   
00002721  PWM_RobotArmGetDuty1                   
00002747  PWM_RobotArmGetDuty2                   
000025b3  PWM_RobotArmInit                       
00004551  PendSV_Handler                         
20000450  PeriodicTask2                          
000019ad  PeriodicTask2_Init                     
00001a27  PeriodicTask2_Stop                     
20000ac4  Postwait                               
20000abc  Prewait                                
00004551  RTC_C_IRQHandler                       
00001ee1  ReadCommand                            
00001eef  ReadJackiBumpSensor                    
0000201d  ReadJackiSpeed                         
20000360  RecvBuf                                
00002f81  Reflectance_Center                     
00003029  Reflectance_End                        
00002ec5  Reflectance_Init                       
00002f93  Reflectance_Position                   
00002f29  Reflectance_Read                       
00002ff9  Reflectance_Start                      
2000047b  Reflectanceresult                      
00004545  Reset_Handler                          
00001f05  RunJacki                               
20000120  RxFIFO                                 
20000454  RxFifoLost                             
000030e5  RxFifo_Get                             
0000308d  RxFifo_Init                            
0000309f  RxFifo_Put                             
20000458  RxGetI                                 
2000045c  RxPutI                                 
00004551  SVC_Handler                            
00001929  Scope                                  
20000460  Spt                                    
000044ad  StartCritical                          
20000474  Switch1                                
20000464  Switch2                                
00004551  SysTick_Handler                        
20000b9c  SystemCoreClock                        
000027e5  SystemCoreClockUpdate                  
00002a59  SystemInit                             
00001a17  T32_INT1_IRQHandler                    
00001a17  T32_INT1_IRQHandler                    
00004551  T32_INT2_IRQHandler                    
00004551  T32_INTC_IRQHandler                    
00004551  TA0_0_IRQHandler                       
00004551  TA0_N_IRQHandler                       
00003b1b  TA1_0_IRQHandler                       
00003b1b  TA1_0_IRQHandler                       
00004551  TA1_N_IRQHandler                       
00004551  TA2_0_IRQHandler                       
00004551  TA2_N_IRQHandler                       
00002d7d  TA3_0_IRQHandler                       
00002d7d  TA3_0_IRQHandler                       
00002d97  TA3_N_IRQHandler                       
00002d97  TA3_N_IRQHandler                       
00001b79  TExaS_Clear0                           
00001b85  TExaS_Clear1                           
00001b99  TExaS_Clear2                           
00001ba5  TExaS_Clear3                           
00001bb1  TExaS_Clear4                           
00001bb3  TExaS_Clear5                           
00001bbf  TExaS_Clear6                           
00001ca9  TExaS_Init                             
20000b4c  TExaS_ScopeErrConflict                 
20000b48  TExaS_ScopeErrLostData                 
20000b50  TExaS_ScopeWrnReconfig                 
00001b07  TExaS_Set                              
00001b1f  TExaS_Set0                             
00001b2b  TExaS_Set1                             
00001b37  TExaS_Set2                             
00001b43  TExaS_Set3                             
00001b4f  TExaS_Set4                             
00001b51  TExaS_Set5                             
00001b69  TExaS_Set6                             
00001e35  TExaS_Stop                             
00001abd  TExaS_Task0                            
00001ac9  TExaS_Task1                            
00001ad5  TExaS_Task2                            
00001ae1  TExaS_Task3                            
00001aed  TExaS_Task4                            
00001aef  TExaS_Task5                            
00001afb  TExaS_Task6                            
00001ea1  TestMotor                              
20000468  TimeOutErr                             
2000046c  TimerA1Task                            
00003aa9  TimerA1_Init                           
00003b07  TimerA1_Stop                           
00002cfd  TimerA3Capture_Init01                  
00002dd7  TimerA3Capture_Init02                  
0000113f  UART0_InChar                           
000015e9  UART0_InString                         
00001189  UART0_InUDec                           
0000149d  UART0_InUHex                           
000010f9  UART0_Init                             
0000174b  UART0_Initprintf                       
0000114f  UART0_OutChar                          
0000123d  UART0_OutSDec                          
0000116b  UART0_OutString                        
0000120d  UART0_OutUDec                          
000013b1  UART0_OutUDec4                         
000013f9  UART0_OutUDec5                         
0000142b  UART0_OutUFix1                         
00001453  UART0_OutUFix2                         
00001561  UART0_OutUHex                          
000015cd  UART0_OutUHex2                         
000031e9  UART1_FinishOutput                     
00003187  UART1_InChar                           
0000311b  UART1_InStatus                         
0000312b  UART1_Init                             
00003199  UART1_OutChar                          
000031cb  UART1_OutString                        
00001a91  UART_InChar                            
00001a37  UART_Init                              
00001aa1  UART_OutChar                           
00004551  UsageFault_Handler                     
4000480c  WDTCTL_SYM                             
00004551  WDT_A_IRQHandler                       
000044bf  WaitForInterrupt                       
000045d8  Weight                                 
0000200b  WriteCommand                           
0000202b  WriteJackiSpeed                        
20000000  __CIOBUF_                              
20010000  __STACK_END                            
00000200  __STACK_SIZE                           
00000400  __SYSMEM_SIZE                          
00004778  __TI_CINIT_Base                        
00004788  __TI_CINIT_Limit                       
00004760  __TI_Handler_Table_Base                
0000476c  __TI_Handler_Table_Limit               
0000422d  __TI_auto_init_nobinit_nopinit         
00004325  __TI_cleanup                           
20000b30  __TI_cleanup_ptr                       
00003df9  __TI_closefile                         
00003f3d  __TI_decompress_lzss                   
00004537  __TI_decompress_none                   
00004111  __TI_doflush                           
20000b34  __TI_dtors_ptr                         
20000b38  __TI_enable_exit_profile_output        
20000b10  __TI_ft_end                            
ffffffff  __TI_pprof_out_hndl                    
ffffffff  __TI_prof_data_size                    
ffffffff  __TI_prof_data_start                   
00004359  __TI_readmsg                           
00000000  __TI_static_base__                     
200002c0  __TI_tmpnams                           
000042b5  __TI_writemsg                          
00004553  __TI_zero_init                         
00003d05  __aeabi_memclr                         
00003d05  __aeabi_memclr4                        
00003d05  __aeabi_memclr8                        
00003bed  __aeabi_memcpy                         
00003bed  __aeabi_memcpy4                        
00003bed  __aeabi_memcpy8                        
00003d07  __aeabi_memset                         
00003d07  __aeabi_memset4                        
00003d07  __aeabi_memset8                        
20000b1c  __aeabi_stderr                         
20000b14  __aeabi_stdin                          
20000b18  __aeabi_stdout                         
ffffffff  __binit__                              
ffffffff  __c_args__                             
UNDEFED   __mpu_init                             
2000fe00  __stack                                
0000438d  _c_int00_noargs                        
20000970  _device                                
20000880  _ftable                                
20000b70  _lock                                  
00003d7f  _nop                                   
200009e8  _stream                                
20000480  _sys_memory                            
UNDEFED   _system_post_cinit                     
00004567  _system_pre_init                       
20000b74  _unlock                                
0000456b  abort                                  
000039f1  add_device                             
000035bd  aligned_alloc                          
ffffffff  binit                                  
00004005  close                                  
00002c2d  delay                                  
0000415d  exit                                   
20000470  fcserr                                 
0000167d  ferror                                 
00001663  fgetc                                  
000043f5  finddevice                             
00003b51  fopen                                  
000036b1  free                                   
000043c1  freopen                                
00004570  fsm                                    
00004271  getdevice                              
00000000  interruptVectors                       
20000476  left                                   
00002191  main                                   
0000455f  malloc                                 
000035bd  memalign                               
00003bed  memcpy                                 
00003d0d  memset                                 
00003935  open                                   
000015a5  outnibble                              
20000438  parmbuf                                
00004425  remove                                 
20000478  right                                  
00003799  setvbuf                                
000044f9  strchr                                 
000044e1  strcmp                                 
0000450f  strcpy                                 
00004523  strlen                                 
000042ed  strncpy                                
00002cf1  ta3dummy                               
20000b8c  time                                   
000016a3  uart_close                             
00001721  uart_lseek                             
00001693  uart_open                              
000016af  uart_read                              
0000173d  uart_rename                            
00001731  uart_unlink                            
000016df  uart_write                             
00004425  unlink                                 
00004479  write                                  


GLOBAL SYMBOLS: SORTED BY Symbol Address 

address   name                                   
-------   ----                                   
00000000  __TI_static_base__                     
00000000  interruptVectors                       
000000e5  AP_Reset                               
0000010d  AP_Init                                
000001f3  AP_GetSize                             
00000200  __STACK_SIZE                           
0000021d  AP_EchoSendMessage                     
00000289  AP_EchoReceived                        
00000311  AP_SendMessage                         
00000400  __SYSMEM_SIZE                          
000004ad  AP_RecvMessage                         
00000689  AP_RecvStatus                          
00000697  AP_SendMessageResponse                 
000006d7  AP_GetNotifyCCCD                       
000006ed  AP_AddService                          
00000725  AP_RegisterService                     
00000745  AP_AddCharacteristic                   
00000901  AP_AddNotifyCharacteristic             
00000b2d  AP_SendNotification                    
00000c2d  AP_StartAdvertisement                  
00000c81  AP_StartAdvertisementJacki             
00000ce9  AP_GetStatus                           
00000d21  AP_GetVersion                          
00000e15  AP_BackgroundProcess                   
000010f9  UART0_Init                             
0000113f  UART0_InChar                           
0000114f  UART0_OutChar                          
0000116b  UART0_OutString                        
00001189  UART0_InUDec                           
0000120d  UART0_OutUDec                          
0000123d  UART0_OutSDec                          
000013b1  UART0_OutUDec4                         
000013f9  UART0_OutUDec5                         
0000142b  UART0_OutUFix1                         
00001453  UART0_OutUFix2                         
0000149d  UART0_InUHex                           
00001561  UART0_OutUHex                          
000015a5  outnibble                              
000015cd  UART0_OutUHex2                         
000015e9  UART0_InString                         
00001663  fgetc                                  
0000167d  ferror                                 
00001693  uart_open                              
000016a3  uart_close                             
000016af  uart_read                              
000016df  uart_write                             
00001721  uart_lseek                             
00001731  uart_unlink                            
0000173d  uart_rename                            
0000174b  UART0_Initprintf                       
000017d9  LogicAnalyzer                          
000017e3  LogicAnalyzer_P1                       
000017f1  LogicAnalyzer_P2                       
000017ff  LogicAnalyzer_P2_7654                  
0000180f  LogicAnalyzer_P3                       
0000181d  LogicAnalyzer_P4                       
0000182b  LogicAnalyzer_P4_765432                
0000183b  LogicAnalyzer_P4_765320                
00001873  LogicAnalyzer_P5                       
00001881  LogicAnalyzer_P6                       
0000188f  LogicAnalyzer_P7                       
0000189d  LogicAnalyzer_P8                       
000018ab  LogicAnalyzer_P9                       
000018b9  LogicAnalyzer_P10                      
000018c7  LogicAnalyzer_P27_P26_P82_P92_P104_P105
000018ff  LogicAnalyzer_P55_P54_P27_P26_P37_P36  
00001929  Scope                                  
000019ad  PeriodicTask2_Init                     
00001a17  T32_INT1_IRQHandler                    
00001a17  T32_INT1_IRQHandler                    
00001a27  PeriodicTask2_Stop                     
00001a37  UART_Init                              
00001a91  UART_InChar                            
00001aa1  UART_OutChar                           
00001abd  TExaS_Task0                            
00001ac9  TExaS_Task1                            
00001ad5  TExaS_Task2                            
00001ae1  TExaS_Task3                            
00001aed  TExaS_Task4                            
00001aef  TExaS_Task5                            
00001afb  TExaS_Task6                            
00001b07  TExaS_Set                              
00001b1f  TExaS_Set0                             
00001b2b  TExaS_Set1                             
00001b37  TExaS_Set2                             
00001b43  TExaS_Set3                             
00001b4f  TExaS_Set4                             
00001b51  TExaS_Set5                             
00001b69  TExaS_Set6                             
00001b79  TExaS_Clear0                           
00001b85  TExaS_Clear1                           
00001b99  TExaS_Clear2                           
00001ba5  TExaS_Clear3                           
00001bb1  TExaS_Clear4                           
00001bb3  TExaS_Clear5                           
00001bbf  TExaS_Clear6                           
00001be5  ADC_Init                               
00001ca9  TExaS_Init                             
00001e35  TExaS_Stop                             
00001ea1  TestMotor                              
00001ecd  OutValue                               
00001ee1  ReadCommand                            
00001eef  ReadJackiBumpSensor                    
00001f05  RunJacki                               
0000200b  WriteCommand                           
0000201d  ReadJackiSpeed                         
0000202b  WriteJackiSpeed                        
0000203d  Button1                                
0000204f  Button2                                
00002061  BLE_Init                               
00002191  main                                   
000023c5  PWM_Init1                              
0000242b  PWM_Init12                             
000024af  PWM_Duty1                              
000024cf  PWM_Duty2                              
000024ef  PWM_Init34                             
00002573  PWM_Duty3                              
00002593  PWM_Duty4                              
000025b3  PWM_RobotArmInit                       
000026db  PWM_RobotArmDuty0                      
000026fb  PWM_RobotArmGetDuty0                   
00002701  PWM_RobotArmDuty1                      
00002721  PWM_RobotArmGetDuty1                   
00002727  PWM_RobotArmDuty2                      
00002747  PWM_RobotArmGetDuty2                   
000027e5  SystemCoreClockUpdate                  
00002a59  SystemInit                             
00002b11  Clock_Init48MHz                        
00002c27  Clock_GetFreq                          
00002c2d  delay                                  
00002c3b  Clock_Delay1us                         
00002c65  Clock_Delay1ms                         
00002cf1  ta3dummy                               
00002cfd  TimerA3Capture_Init01                  
00002d7d  TA3_0_IRQHandler                       
00002d7d  TA3_0_IRQHandler                       
00002d97  TA3_N_IRQHandler                       
00002d97  TA3_N_IRQHandler                       
00002dd7  TimerA3Capture_Init02                  
00002ec5  Reflectance_Init                       
00002f29  Reflectance_Read                       
00002f81  Reflectance_Center                     
00002f93  Reflectance_Position                   
00002ff9  Reflectance_Start                      
00003029  Reflectance_End                        
0000308d  RxFifo_Init                            
0000309f  RxFifo_Put                             
000030e5  RxFifo_Get                             
0000311b  UART1_InStatus                         
0000312b  UART1_Init                             
00003187  UART1_InChar                           
00003199  UART1_OutChar                          
000031b5  EUSCIA2_IRQHandler                     
000031b5  EUSCIA2_IRQHandler                     
000031cb  UART1_OutString                        
000031e9  UART1_FinishOutput                     
00003231  Motor_Init                             
00003283  Motor_Stop                             
00003297  Motor_Forward                          
000032d3  Motor_Right                            
00003319  Motor_Left                             
0000335f  Motor_Backward                         
000034c9  LaunchPad_Init                         
00003539  LaunchPad_Input                        
00003553  LaunchPad_LED                          
00003571  LaunchPad_Output                       
000035bd  aligned_alloc                          
000035bd  memalign                               
000036b1  free                                   
00003799  setvbuf                                
00003875  GPIO_Init                              
00003935  open                                   
000039f1  add_device                             
00003aa9  TimerA1_Init                           
00003b07  TimerA1_Stop                           
00003b1b  TA1_0_IRQHandler                       
00003b1b  TA1_0_IRQHandler                       
00003b51  fopen                                  
00003bed  __aeabi_memcpy                         
00003bed  __aeabi_memcpy4                        
00003bed  __aeabi_memcpy8                        
00003bed  memcpy                                 
00003d05  __aeabi_memclr                         
00003d05  __aeabi_memclr4                        
00003d05  __aeabi_memclr8                        
00003d07  __aeabi_memset                         
00003d07  __aeabi_memset4                        
00003d07  __aeabi_memset8                        
00003d0d  memset                                 
00003d7f  _nop                                   
00003d81  Bump_Init                              
00003db5  Bump_Read                              
00003df9  __TI_closefile                         
00003e6d  HOSTlseek                              
00003ed5  HOSTrename                             
00003f3d  __TI_decompress_lzss                   
00003fa5  HOSTopen                               
00004005  close                                  
00004061  HOSTread                               
000040b9  HOSTwrite                              
00004111  __TI_doflush                           
0000415d  exit                                   
000041a5  HOSTclose                              
000041e9  HOSTunlink                             
0000422d  __TI_auto_init_nobinit_nopinit         
00004271  getdevice                              
000042b5  __TI_writemsg                          
000042e3  C$$IO$$                                
000042ed  strncpy                                
00004325  __TI_cleanup                           
00004359  __TI_readmsg                           
0000438d  _c_int00_noargs                        
000043c1  freopen                                
000043f5  finddevice                             
00004425  remove                                 
00004425  unlink                                 
00004479  write                                  
000044a1  DisableInterrupts                      
000044a7  EnableInterrupts                       
000044ad  StartCritical                          
000044b7  EndCritical                            
000044bf  WaitForInterrupt                       
000044e1  strcmp                                 
000044f9  strchr                                 
0000450f  strcpy                                 
00004523  strlen                                 
00004537  __TI_decompress_none                   
00004545  Reset_Handler                          
00004551  ADC14_IRQHandler                       
00004551  AES256_IRQHandler                      
00004551  BusFault_Handler                       
00004551  COMP_E0_IRQHandler                     
00004551  COMP_E1_IRQHandler                     
00004551  CS_IRQHandler                          
00004551  DMA_ERR_IRQHandler                     
00004551  DMA_INT0_IRQHandler                    
00004551  DMA_INT1_IRQHandler                    
00004551  DMA_INT2_IRQHandler                    
00004551  DMA_INT3_IRQHandler                    
00004551  DebugMon_Handler                       
00004551  Default_Handler                        
00004551  EUSCIA0_IRQHandler                     
00004551  EUSCIA1_IRQHandler                     
00004551  EUSCIA3_IRQHandler                     
00004551  EUSCIB0_IRQHandler                     
00004551  EUSCIB1_IRQHandler                     
00004551  EUSCIB2_IRQHandler                     
00004551  EUSCIB3_IRQHandler                     
00004551  FLCTL_IRQHandler                       
00004551  FPU_IRQHandler                         
00004551  HardFault_Handler                      
00004551  MemManage_Handler                      
00004551  NMI_Handler                            
00004551  PCM_IRQHandler                         
00004551  PORT1_IRQHandler                       
00004551  PORT2_IRQHandler                       
00004551  PORT3_IRQHandler                       
00004551  PORT4_IRQHandler                       
00004551  PORT5_IRQHandler                       
00004551  PORT6_IRQHandler                       
00004551  PSS_IRQHandler                         
00004551  PendSV_Handler                         
00004551  RTC_C_IRQHandler                       
00004551  SVC_Handler                            
00004551  SysTick_Handler                        
00004551  T32_INT2_IRQHandler                    
00004551  T32_INTC_IRQHandler                    
00004551  TA0_0_IRQHandler                       
00004551  TA0_N_IRQHandler                       
00004551  TA1_N_IRQHandler                       
00004551  TA2_0_IRQHandler                       
00004551  TA2_N_IRQHandler                       
00004551  UsageFault_Handler                     
00004551  WDT_A_IRQHandler                       
00004553  __TI_zero_init                         
0000455f  malloc                                 
00004567  _system_pre_init                       
0000456b  C$$EXIT                                
0000456b  abort                                  
00004570  fsm                                    
000045b8  Mask                                   
000045d8  Weight                                 
000045f8  NPI_StartAdvertisement                 
0000460c  NPI_SetAdvertisement1                  
0000461d  HCI_EXT_ResetSystemCmd                 
00004626  NPI_GetStatus                          
0000462c  NPI_GetVersion                         
00004632  NPI_Register                           
00004760  __TI_Handler_Table_Base                
0000476c  __TI_Handler_Table_Limit               
00004778  __TI_CINIT_Base                        
00004788  __TI_CINIT_Limit                       
20000000  __CIOBUF_                              
20000120  RxFIFO                                 
20000220  CharacteristicList                     
200002c0  __TI_tmpnams                           
20000360  RecvBuf                                
200003e0  NotifyCharacteristicList               
20000430  Messageb                               
20000438  parmbuf                                
20000440  Input                                  
20000444  Messageindexb                          
20000448  NoSOFErr                               
2000044c  Output                                 
20000450  PeriodicTask2                          
20000454  RxFifoLost                             
20000458  RxGetI                                 
2000045c  RxPutI                                 
20000460  Spt                                    
20000464  Switch2                                
20000468  TimeOutErr                             
2000046c  TimerA1Task                            
20000470  fcserr                                 
20000474  Switch1                                
20000476  left                                   
20000478  right                                  
2000047a  LogicData                              
2000047b  Reflectanceresult                      
20000480  _sys_memory                            
20000880  _ftable                                
20000970  _device                                
200009e8  _stream                                
20000a38  NPI_SetAdvertisementData               
20000a5d  NPI_AddCharDescriptor                  
20000a7d  NPI_SetAdvertisementDataJacki          
20000a9b  NPI_GATTSetDeviceName                  
20000ab8  ClockFrequency                         
20000abc  Prewait                                
20000ac0  CPMwait                                
20000ac4  Postwait                               
20000ac8  IFlags                                 
20000acc  Crystalstable                          
20000ad0  NPI_GATTSetDeviceNameJacki             
20000ae5  NPI_ReadConfirmation                   
20000afa  NPI_SendNotificationIndication         
20000b10  __TI_ft_end                            
20000b14  __aeabi_stdin                          
20000b18  __aeabi_stdout                         
20000b1c  __aeabi_stderr                         
20000b20  NPI_AddCharValue                       
20000b30  __TI_cleanup_ptr                       
20000b34  __TI_dtors_ptr                         
20000b38  __TI_enable_exit_profile_output        
20000b3c  CaptureTask0                           
20000b40  CaptureTask1                           
20000b44  CaptureTask2                           
20000b48  TExaS_ScopeErrLostData                 
20000b4c  TExaS_ScopeErrConflict                 
20000b50  TExaS_ScopeWrnReconfig                 
20000b54  NPI_AddService                         
20000b5d  NPI_CCCDUpdatedConfirmation            
20000b66  NPI_WriteConfirmation                  
20000b70  _lock                                  
20000b74  _unlock                                
20000b80  CharacteristicCount                    
20000b84  NotifyCharacteristicCount              
20000b88  JackiCommand                           
20000b89  JackiBumpSensor                        
20000b8a  JackiSpeed                             
20000b8c  time                                   
20000b9c  SystemCoreClock                        
2000fe00  __stack                                
20010000  __STACK_END                            
4000480c  WDTCTL_SYM                             
ffffffff  __TI_pprof_out_hndl                    
ffffffff  __TI_prof_data_size                    
ffffffff  __TI_prof_data_start                   
ffffffff  __binit__                              
ffffffff  __c_args__                             
ffffffff  binit                                  
UNDEFED   __mpu_init                             
UNDEFED   _system_post_cinit                     

[372 symbols]
