******************************************************************************
                  TI ARM Linker PC v18.12.1                    
******************************************************************************
>> Linked Wed Jul 31 21:53:10 2019

OUTPUT FILE NAME:   <Lab10_Debug.out>
ENTRY POINT SYMBOL: "_c_int00_noargs"  address: 000017e1


MEMORY CONFIGURATION

         name            origin    length      used     unused   attr    fill
----------------------  --------  ---------  --------  --------  ----  --------
  MAIN                  00000000   00040000  000018e6  0003e71a  R  X
  INFO                  00200000   00004000  00000000  00004000  R  X
  SRAM_CODE             01000000   00010000  0000042b  0000fbd5  RW X
  SRAM_DATA             20000000   00010000  0000042b  0000fbd5  RW  


SEGMENT ALLOCATION MAP

run origin  load origin   length   init length attrs members
----------  ----------- ---------- ----------- ----- -------
00000000    00000000    000018e8   000018e8    r-x
  00000000    00000000    000000e4   000000e4    r-- .intvecs
  000000e4    000000e4    0000178a   0000178a    r-x .text
  00001870    00001870    00000040   00000040    r-- .const
  000018b0    000018b0    00000038   00000038    r-- .cinit
20000000    20000000    0000022c   00000000    rw-
  20000000    20000000    0000020f   00000000    rw- .bss
  20000210    20000210    0000001c   00000000    rw- .data
2000fe00    2000fe00    00000200   00000000    rw-
  2000fe00    2000fe00    00000200   00000000    rw- .stack


SECTION ALLOCATION MAP

 output                                  attributes/
section   page    origin      length       input sections
--------  ----  ----------  ----------   ----------------
.intvecs   0    00000000    000000e4     
                  00000000    000000e4     startup_msp432p401r_ccs.obj (.intvecs:retain)

.text      0    000000e4    0000178a     
                  000000e4    000009e8     FlashProgram.obj (.text)
                  00000acc    0000034c     Lab10_Debugmain.obj (.text)
                  00000e18    0000032c     system_msp432p401r.obj (.text)
                  00001144    000001e0     Clock.obj (.text)
                  00001324    000001c8     Reflectance.obj (.text)
                  000014ec    000000f4     LaunchPad.obj (.text)
                  000015e0    0000009c     rtsv7M4_T_le_v4SPD16_eabi.lib : memcpy_t2.asm.obj (.text)
                  0000167c    00000078     Bump.obj (.text)
                  000016f4    00000068     rtsv7M4_T_le_v4SPD16_eabi.lib : copy_decompress_lzss.c.obj (.text:decompress:lzss:__TI_decompress_lzss)
                  0000175c    00000044                                   : autoinit.c.obj (.text:__TI_auto_init_nobinit_nopinit:__TI_auto_init_nobinit_nopinit)
                  000017a0    00000040     SysTickInts.obj (.text)
                  000017e0    00000034     rtsv7M4_T_le_v4SPD16_eabi.lib : boot_cortex_m.c.obj (.text:_c_int00_noargs:_c_int00_noargs)
                  00001814    00000024     CortexM.obj (.text)
                  00001838    00000012     rtsv7M4_T_le_v4SPD16_eabi.lib : copy_zero_init.c.obj (.text:decompress:ZI:__TI_zero_init_nomemset:__TI_zero_init_nomemset)
                  0000184a    0000000e                                   : copy_decompress_none.c.obj (.text:decompress:none:__TI_decompress_none)
                  00001858    0000000e     startup_msp432p401r_ccs.obj (.text)
                  00001866    00000004     rtsv7M4_T_le_v4SPD16_eabi.lib : pre_init.c.obj (.text:_system_pre_init)
                  0000186a    00000004                                   : exit.c.obj (.text:abort:abort)

.const     0    00001870    00000040     
                  00001870    00000020     Reflectance.obj (.const:Mask)
                  00001890    00000020     Reflectance.obj (.const:Weight)

.cinit     0    000018b0    00000038     
                  000018b0    0000000d     (.cinit..data.load) [load image, compression = lzss]
                  000018bd    00000003     --HOLE-- [fill = 0]
                  000018c0    0000000c     (__TI_handler_table)
                  000018cc    00000004     --HOLE-- [fill = 0]
                  000018d0    00000008     (.cinit..bss.load) [load image, compression = zero_init]
                  000018d8    00000010     (__TI_cinit_table)

.init_array 
*          0    00000000    00000000     UNINITIALIZED

.binit     0    00000000    00000000     

.bss       0    20000000    0000020f     UNINITIALIZED
                  20000000    00000200     (.common:Buffer)
                  20000200    00000004     (.common:I)
                  20000204    00000004     (.common:J)
                  20000208    00000004     (.common:Time)
                  2000020c    00000001     (.common:Bump)
                  2000020d    00000001     (.common:Data)
                  2000020e    00000001     (.common:Reflectanceresult)

.data      0    20000210    0000001c     UNINITIALIZED
                  20000210    00000018     Clock.obj (.data)
                  20000228    00000004     system_msp432p401r.obj (.data)

.stack     0    2000fe00    00000200     UNINITIALIZED
                  2000fe00    00000004     rtsv7M4_T_le_v4SPD16_eabi.lib : boot_cortex_m.c.obj (.stack)
                  2000fe04    000001fc     --HOLE--

MODULE SUMMARY

       Module                        code   ro data   rw data
       ------                        ----   -------   -------
    .\
       FlashProgram.obj              2536   0         0      
       Lab10_Debugmain.obj           844    0         1052   
       system_msp432p401r.obj        812    0         8      
       Clock.obj                     480    0         48     
       Reflectance.obj               456    64        2      
       LaunchPad.obj                 244    0         0      
       startup_msp432p401r_ccs.obj   14     228       0      
       Bump.obj                      120    0         0      
       SysTickInts.obj               64     0         0      
       CortexM.obj                   36     0         0      
    +--+-----------------------------+------+---------+---------+
       Total:                        5606   292       1110   
                                                             
    E:\ti\ccs900\ccs\tools\compiler\ti-cgt-arm_18.12.1.LTS\lib\rtsv7M4_T_le_v4SPD16_eabi.lib
       memcpy_t2.asm.obj             156    0         0      
       copy_decompress_lzss.c.obj    104    0         0      
       autoinit.c.obj                68     0         0      
       boot_cortex_m.c.obj           52     0         0      
       copy_zero_init.c.obj          18     0         0      
       copy_decompress_none.c.obj    14     0         0      
       exit.c.obj                    4      0         0      
       pre_init.c.obj                4      0         0      
    +--+-----------------------------+------+---------+---------+
       Total:                        420    0         0      
                                                             
       Stack:                        0      0         1024   
       Linker Generated:             0      49        0      
    +--+-----------------------------+------+---------+---------+
       Grand Total:                  6026   341       2134   


LINKER GENERATED COPY TABLES

__TI_cinit_table @ 000018d8 records: 2, size/record: 8, table size: 16
	.data: load addr=000018b0, load size=0000000d bytes, run addr=20000210, run size=0000001c bytes, compression=lzss
	.bss: load addr=000018d0, load size=00000008 bytes, run addr=20000000, run size=0000020f bytes, compression=zero_init


LINKER GENERATED HANDLER TABLE

__TI_handler_table @ 000018c0 records: 3, size/record: 4, table size: 12
	index: 0, handler: __TI_decompress_lzss
	index: 1, handler: __TI_decompress_none
	index: 2, handler: __TI_zero_init


GLOBAL SYMBOLS: SORTED ALPHABETICALLY BY Name 

address   name                          
-------   ----                          
00001865  ADC14_IRQHandler              
00001865  AES256_IRQHandler             
20000000  Buffer                        
2000020c  Bump                          
0000167d  Bump_Init                     
000016b1  Bump_Read                     
00001865  BusFault_Handler              
0000186b  C$$EXIT                       
00001865  COMP_E0_IRQHandler            
00001865  COMP_E1_IRQHandler            
20000218  CPMwait                       
00001865  CS_IRQHandler                 
20000210  ClockFrequency                
00001299  Clock_Delay1ms                
0000126f  Clock_Delay1us                
0000125b  Clock_GetFreq                 
00001145  Clock_Init48MHz               
20000224  Crystalstable                 
00001865  DMA_ERR_IRQHandler            
00001865  DMA_INT0_IRQHandler           
00001865  DMA_INT1_IRQHandler           
00001865  DMA_INT2_IRQHandler           
00001865  DMA_INT3_IRQHandler           
2000020d  Data                          
00001865  DebugMon_Handler              
00000ad5  Debug_Dump                    
00000b09  Debug_FlashInit               
00000b6b  Debug_FlashRecord             
00000acd  Debug_Init                    
00001865  Default_Handler               
00001815  DisableInterrupts             
00001865  EUSCIA0_IRQHandler            
00001865  EUSCIA1_IRQHandler            
00001865  EUSCIA2_IRQHandler            
00001865  EUSCIA3_IRQHandler            
00001865  EUSCIB0_IRQHandler            
00001865  EUSCIB1_IRQHandler            
00001865  EUSCIB2_IRQHandler            
00001865  EUSCIB3_IRQHandler            
0000181b  EnableInterrupts              
0000182b  EndCritical                   
00001865  FLCTL_IRQHandler              
00001865  FPU_IRQHandler                
000008c9  Flash_Erase                   
0000040d  Flash_FastWrite               
00000187  Flash_Init                    
00000193  Flash_Write                   
000003a9  Flash_WriteArray              
00001865  HardFault_Handler             
20000200  I                             
20000220  IFlags                        
20000204  J                             
000014ed  LaunchPad_Init                
0000155d  LaunchPad_Input               
00001577  LaunchPad_LED                 
00001595  LaunchPad_Output              
00001870  Mask                          
00001865  MemManage_Handler             
00001865  NMI_Handler                   
00001865  PCM_IRQHandler                
00001865  PORT1_IRQHandler              
00001865  PORT2_IRQHandler              
00001865  PORT3_IRQHandler              
00001865  PORT4_IRQHandler              
00001865  PORT5_IRQHandler              
00001865  PORT6_IRQHandler              
00001865  PSS_IRQHandler                
00001865  PendSV_Handler                
2000021c  Postwait                      
20000214  Prewait                       
00000c99  Program10_1                   
00000cdd  Program10_2                   
00000d67  Program10_3                   
00001865  RTC_C_IRQHandler              
000013e1  Reflectance_Center            
00001489  Reflectance_End               
00001325  Reflectance_Init              
000013f3  Reflectance_Position          
00001389  Reflectance_Read              
00001459  Reflectance_Start             
2000020e  Reflectanceresult             
00001859  Reset_Handler                 
00001865  SVC_Handler                   
00001821  StartCritical                 
00000b9b  SysTick_Handler               
00000b9b  SysTick_Handler               
000017a1  SysTick_Init                  
20000228  SystemCoreClock               
00000e19  SystemCoreClockUpdate         
0000108d  SystemInit                    
00001865  T32_INT1_IRQHandler           
00001865  T32_INT2_IRQHandler           
00001865  T32_INTC_IRQHandler           
00001865  TA0_0_IRQHandler              
00001865  TA0_N_IRQHandler              
00001865  TA1_0_IRQHandler              
00001865  TA1_N_IRQHandler              
00001865  TA2_0_IRQHandler              
00001865  TA2_N_IRQHandler              
00001865  TA3_0_IRQHandler              
00001865  TA3_N_IRQHandler              
20000208  Time                          
00001865  UsageFault_Handler            
4000480c  WDTCTL_SYM                    
00001865  WDT_A_IRQHandler              
00001833  WaitForInterrupt              
00001890  Weight                        
20010000  __STACK_END                   
00000200  __STACK_SIZE                  
000018d8  __TI_CINIT_Base               
000018e8  __TI_CINIT_Limit              
000018c0  __TI_Handler_Table_Base       
000018cc  __TI_Handler_Table_Limit      
0000175d  __TI_auto_init_nobinit_nopinit
000016f5  __TI_decompress_lzss          
0000184b  __TI_decompress_none          
ffffffff  __TI_pprof_out_hndl           
ffffffff  __TI_prof_data_size           
ffffffff  __TI_prof_data_start          
00000000  __TI_static_base__            
00001839  __TI_zero_init_nomemset       
000015e1  __aeabi_memcpy                
000015e1  __aeabi_memcpy4               
000015e1  __aeabi_memcpy8               
ffffffff  __binit__                     
ffffffff  __c_args__                    
UNDEFED   __mpu_init                    
2000fe00  __stack                       
000017e1  _c_int00_noargs               
UNDEFED   _system_post_cinit            
00001867  _system_pre_init              
0000186b  abort                         
ffffffff  binit                         
00001261  delay                         
00000000  interruptVectors              
00000c0b  main                          
000015e1  memcpy                        


GLOBAL SYMBOLS: SORTED BY Symbol Address 

address   name                          
-------   ----                          
00000000  __TI_static_base__            
00000000  interruptVectors              
00000187  Flash_Init                    
00000193  Flash_Write                   
00000200  __STACK_SIZE                  
000003a9  Flash_WriteArray              
0000040d  Flash_FastWrite               
000008c9  Flash_Erase                   
00000acd  Debug_Init                    
00000ad5  Debug_Dump                    
00000b09  Debug_FlashInit               
00000b6b  Debug_FlashRecord             
00000b9b  SysTick_Handler               
00000b9b  SysTick_Handler               
00000c0b  main                          
00000c99  Program10_1                   
00000cdd  Program10_2                   
00000d67  Program10_3                   
00000e19  SystemCoreClockUpdate         
0000108d  SystemInit                    
00001145  Clock_Init48MHz               
0000125b  Clock_GetFreq                 
00001261  delay                         
0000126f  Clock_Delay1us                
00001299  Clock_Delay1ms                
00001325  Reflectance_Init              
00001389  Reflectance_Read              
000013e1  Reflectance_Center            
000013f3  Reflectance_Position          
00001459  Reflectance_Start             
00001489  Reflectance_End               
000014ed  LaunchPad_Init                
0000155d  LaunchPad_Input               
00001577  LaunchPad_LED                 
00001595  LaunchPad_Output              
000015e1  __aeabi_memcpy                
000015e1  __aeabi_memcpy4               
000015e1  __aeabi_memcpy8               
000015e1  memcpy                        
0000167d  Bump_Init                     
000016b1  Bump_Read                     
000016f5  __TI_decompress_lzss          
0000175d  __TI_auto_init_nobinit_nopinit
000017a1  SysTick_Init                  
000017e1  _c_int00_noargs               
00001815  DisableInterrupts             
0000181b  EnableInterrupts              
00001821  StartCritical                 
0000182b  EndCritical                   
00001833  WaitForInterrupt              
00001839  __TI_zero_init_nomemset       
0000184b  __TI_decompress_none          
00001859  Reset_Handler                 
00001865  ADC14_IRQHandler              
00001865  AES256_IRQHandler             
00001865  BusFault_Handler              
00001865  COMP_E0_IRQHandler            
00001865  COMP_E1_IRQHandler            
00001865  CS_IRQHandler                 
00001865  DMA_ERR_IRQHandler            
00001865  DMA_INT0_IRQHandler           
00001865  DMA_INT1_IRQHandler           
00001865  DMA_INT2_IRQHandler           
00001865  DMA_INT3_IRQHandler           
00001865  DebugMon_Handler              
00001865  Default_Handler               
00001865  EUSCIA0_IRQHandler            
00001865  EUSCIA1_IRQHandler            
00001865  EUSCIA2_IRQHandler            
00001865  EUSCIA3_IRQHandler            
00001865  EUSCIB0_IRQHandler            
00001865  EUSCIB1_IRQHandler            
00001865  EUSCIB2_IRQHandler            
00001865  EUSCIB3_IRQHandler            
00001865  FLCTL_IRQHandler              
00001865  FPU_IRQHandler                
00001865  HardFault_Handler             
00001865  MemManage_Handler             
00001865  NMI_Handler                   
00001865  PCM_IRQHandler                
00001865  PORT1_IRQHandler              
00001865  PORT2_IRQHandler              
00001865  PORT3_IRQHandler              
00001865  PORT4_IRQHandler              
00001865  PORT5_IRQHandler              
00001865  PORT6_IRQHandler              
00001865  PSS_IRQHandler                
00001865  PendSV_Handler                
00001865  RTC_C_IRQHandler              
00001865  SVC_Handler                   
00001865  T32_INT1_IRQHandler           
00001865  T32_INT2_IRQHandler           
00001865  T32_INTC_IRQHandler           
00001865  TA0_0_IRQHandler              
00001865  TA0_N_IRQHandler              
00001865  TA1_0_IRQHandler              
00001865  TA1_N_IRQHandler              
00001865  TA2_0_IRQHandler              
00001865  TA2_N_IRQHandler              
00001865  TA3_0_IRQHandler              
00001865  TA3_N_IRQHandler              
00001865  UsageFault_Handler            
00001865  WDT_A_IRQHandler              
00001867  _system_pre_init              
0000186b  C$$EXIT                       
0000186b  abort                         
00001870  Mask                          
00001890  Weight                        
000018c0  __TI_Handler_Table_Base       
000018cc  __TI_Handler_Table_Limit      
000018d8  __TI_CINIT_Base               
000018e8  __TI_CINIT_Limit              
20000000  Buffer                        
20000200  I                             
20000204  J                             
20000208  Time                          
2000020c  Bump                          
2000020d  Data                          
2000020e  Reflectanceresult             
20000210  ClockFrequency                
20000214  Prewait                       
20000218  CPMwait                       
2000021c  Postwait                      
20000220  IFlags                        
20000224  Crystalstable                 
20000228  SystemCoreClock               
2000fe00  __stack                       
20010000  __STACK_END                   
4000480c  WDTCTL_SYM                    
ffffffff  __TI_pprof_out_hndl           
ffffffff  __TI_prof_data_size           
ffffffff  __TI_prof_data_start          
ffffffff  __binit__                     
ffffffff  __c_args__                    
ffffffff  binit                         
UNDEFED   __mpu_init                    
UNDEFED   _system_post_cinit            

[137 symbols]
