******************************************************************************
                  TI ARM Linker PC v18.12.1                    
******************************************************************************
>> Linked Wed Jul 31 21:53:36 2019

OUTPUT FILE NAME:   <Lab14_EdgeInterrupts.out>
ENTRY POINT SYMBOL: "_c_int00_noargs"  address: 00002269


MEMORY CONFIGURATION

         name            origin    length      used     unused   attr    fill
----------------------  --------  ---------  --------  --------  ----  --------
  MAIN                  00000000   00040000  00002376  0003dc8a  R  X
  INFO                  00200000   00004000  00000000  00004000  R  X
  SRAM_CODE             01000000   00010000  0000023f  0000fdc1  RW X
  SRAM_DATA             20000000   00010000  0000023f  0000fdc1  RW  


SEGMENT ALLOCATION MAP

run origin  load origin   length   init length attrs members
----------  ----------- ---------- ----------- ----- -------
00000000    00000000    00002378   00002378    r-x
  00000000    00000000    000000e4   000000e4    r-- .intvecs
  000000e4    000000e4    00002212   00002212    r-x .text
  000022f8    000022f8    00000048   00000048    r-- .const
  00002340    00002340    00000038   00000038    r-- .cinit
20000000    20000000    0000003f   00000000    rw-
  20000000    20000000    00000028   00000000    rw- .data
  20000028    20000028    00000017   00000000    rw- .bss
2000fe00    2000fe00    00000200   00000000    rw-
  2000fe00    2000fe00    00000200   00000000    rw- .stack


SECTION ALLOCATION MAP

 output                                  attributes/
section   page    origin      length       input sections
--------  ----  ----------  ----------   ----------------
.intvecs   0    00000000    000000e4     
                  00000000    000000e4     startup_msp432p401r_ccs.obj (.intvecs:retain)

.text      0    000000e4    00002212     
                  000000e4    000009e8     FlashProgram.obj (.text)
                  00000acc    000006c8     TExaS.obj (.text)
                  00001194    00000420     PWM.obj (.text)
                  000015b4    0000032c     system_msp432p401r.obj (.text)
                  000018e0    00000258     Lab14_EdgeInterruptsmain.obj (.text)
                  00001b38    000001e0     Clock.obj (.text)
                  00001d18    0000018c     Motor.obj (.text)
                  00001ea4    000000f4     LaunchPad.obj (.text)
                  00001f98    000000e0     BumpInt.obj (.text)
                  00002078    000000a8     TimerA1.obj (.text)
                  00002120    0000009c     rtsv7M4_T_le_v4SPD16_eabi.lib : memcpy_t2.asm.obj (.text)
                  000021bc    00000068                                   : copy_decompress_lzss.c.obj (.text:decompress:lzss:__TI_decompress_lzss)
                  00002224    00000044                                   : autoinit.c.obj (.text:__TI_auto_init_nobinit_nopinit:__TI_auto_init_nobinit_nopinit)
                  00002268    00000034                                   : boot_cortex_m.c.obj (.text:_c_int00_noargs:_c_int00_noargs)
                  0000229c    00000024     CortexM.obj (.text)
                  000022c0    00000012     rtsv7M4_T_le_v4SPD16_eabi.lib : copy_zero_init.c.obj (.text:decompress:ZI:__TI_zero_init_nomemset:__TI_zero_init_nomemset)
                  000022d2    0000000e                                   : copy_decompress_none.c.obj (.text:decompress:none:__TI_decompress_none)
                  000022e0    0000000e     startup_msp432p401r_ccs.obj (.text)
                  000022ee    00000004     rtsv7M4_T_le_v4SPD16_eabi.lib : pre_init.c.obj (.text:_system_pre_init)
                  000022f2    00000004                                   : exit.c.obj (.text:abort:abort)

.const     0    000022f8    00000048     
                  000022f8    00000048     Lab14_EdgeInterruptsmain.obj (.const:Rule)

.cinit     0    00002340    00000038     
                  00002340    0000000d     (.cinit..data.load) [load image, compression = lzss]
                  0000234d    00000003     --HOLE-- [fill = 0]
                  00002350    0000000c     (__TI_handler_table)
                  0000235c    00000004     --HOLE-- [fill = 0]
                  00002360    00000008     (.cinit..bss.load) [load image, compression = zero_init]
                  00002368    00000010     (__TI_cinit_table)

.init_array 
*          0    00000000    00000000     UNINITIALIZED

.binit     0    00000000    00000000     

.data      0    20000000    00000028     UNINITIALIZED
                  20000000    00000018     Clock.obj (.data)
                  20000018    0000000c     TExaS.obj (.data)
                  20000024    00000004     system_msp432p401r.obj (.data)

.bss       0    20000028    00000017     UNINITIALIZED
                  20000028    00000004     (.common:BumpTask)
                  2000002c    00000004     (.common:PeriodicTask2)
                  20000030    00000004     (.common:Step)
                  20000034    00000004     (.common:Time)
                  20000038    00000004     (.common:TimerA1Task)
                  2000003c    00000001     (.common:CollisionData)
                  2000003d    00000001     (.common:CollisionFlag)
                  2000003e    00000001     (.common:LogicData)

.stack     0    2000fe00    00000200     UNINITIALIZED
                  2000fe00    00000004     rtsv7M4_T_le_v4SPD16_eabi.lib : boot_cortex_m.c.obj (.stack)
                  2000fe04    000001fc     --HOLE--

MODULE SUMMARY

       Module                         code   ro data   rw data
       ------                         ----   -------   -------
    .\
       FlashProgram.obj               2536   0         0      
       TExaS.obj                      1736   0         34     
       PWM.obj                        1056   0         0      
       system_msp432p401r.obj         812    0         8      
       Lab14_EdgeInterruptsmain.obj   600    72        20     
       Clock.obj                      480    0         48     
       Motor.obj                      396    0         0      
       LaunchPad.obj                  244    0         0      
       startup_msp432p401r_ccs.obj    14     228       0      
       BumpInt.obj                    224    0         8      
       TimerA1.obj                    168    0         8      
       CortexM.obj                    36     0         0      
    +--+------------------------------+------+---------+---------+
       Total:                         8302   300       126    
                                                              
    E:\ti\ccs900\ccs\tools\compiler\ti-cgt-arm_18.12.1.LTS\lib\rtsv7M4_T_le_v4SPD16_eabi.lib
       memcpy_t2.asm.obj              156    0         0      
       copy_decompress_lzss.c.obj     104    0         0      
       autoinit.c.obj                 68     0         0      
       boot_cortex_m.c.obj            52     0         0      
       copy_zero_init.c.obj           18     0         0      
       copy_decompress_none.c.obj     14     0         0      
       exit.c.obj                     4      0         0      
       pre_init.c.obj                 4      0         0      
    +--+------------------------------+------+---------+---------+
       Total:                         420    0         0      
                                                              
       Stack:                         0      0         1024   
       Linker Generated:              0      49        0      
    +--+------------------------------+------+---------+---------+
       Grand Total:                   8722   349       1150   


LINKER GENERATED COPY TABLES

__TI_cinit_table @ 00002368 records: 2, size/record: 8, table size: 16
	.data: load addr=00002340, load size=0000000d bytes, run addr=20000000, run size=00000028 bytes, compression=lzss
	.bss: load addr=00002360, load size=00000008 bytes, run addr=20000028, run size=00000017 bytes, compression=zero_init


LINKER GENERATED HANDLER TABLE

__TI_handler_table @ 00002350 records: 3, size/record: 4, table size: 12
	index: 0, handler: __TI_decompress_lzss
	index: 1, handler: __TI_decompress_none
	index: 2, handler: __TI_zero_init


GLOBAL SYMBOLS: SORTED ALPHABETICALLY BY Name 

address   name                                   
-------   ----                                   
000022ed  ADC14_IRQHandler                       
00000ed9  ADC_Init                               
000022ed  AES256_IRQHandler                      
00001f99  BumpInt_Init                           
20000028  BumpTask                               
00002007  Bump_Read                              
000022ed  BusFault_Handler                       
000022f3  C$$EXIT                                
000022ed  COMP_E0_IRQHandler                     
000022ed  COMP_E1_IRQHandler                     
20000008  CPMwait                                
000022ed  CS_IRQHandler                          
20000000  ClockFrequency                         
00001c8d  Clock_Delay1ms                         
00001c63  Clock_Delay1us                         
00001c4f  Clock_GetFreq                          
00001b39  Clock_Init48MHz                        
00001999  Collision                              
2000003c  CollisionData                          
2000003d  CollisionFlag                          
20000014  Crystalstable                          
000022ed  DMA_ERR_IRQHandler                     
000022ed  DMA_INT0_IRQHandler                    
000022ed  DMA_INT1_IRQHandler                    
000022ed  DMA_INT2_IRQHandler                    
000022ed  DMA_INT3_IRQHandler                    
000022ed  DebugMon_Handler                       
000019ef  Debug_FlashInit                        
00001a4b  Debug_FlashRecord                      
000022ed  Default_Handler                        
0000229d  DisableInterrupts                      
000022ed  EUSCIA0_IRQHandler                     
000022ed  EUSCIA1_IRQHandler                     
000022ed  EUSCIA2_IRQHandler                     
000022ed  EUSCIA3_IRQHandler                     
000022ed  EUSCIB0_IRQHandler                     
000022ed  EUSCIB1_IRQHandler                     
000022ed  EUSCIB2_IRQHandler                     
000022ed  EUSCIB3_IRQHandler                     
000022a3  EnableInterrupts                       
000022b3  EndCritical                            
000022ed  FLCTL_IRQHandler                       
000022ed  FPU_IRQHandler                         
000008c9  Flash_Erase                            
0000040d  Flash_FastWrite                        
00000187  Flash_Init                             
00000193  Flash_Write                            
000003a9  Flash_WriteArray                       
000018e1  HandleCollision                        
000022ed  HardFault_Handler                      
20000010  IFlags                                 
0000192d  Interpreter                            
00001ea5  LaunchPad_Init                         
00001f15  LaunchPad_Input                        
00001f2f  LaunchPad_LED                          
00001f4d  LaunchPad_Output                       
00000acd  LogicAnalyzer                          
00000ad7  LogicAnalyzer_P1                       
00000bad  LogicAnalyzer_P10                      
00000ae5  LogicAnalyzer_P2                       
00000bbb  LogicAnalyzer_P27_P26_P82_P92_P104_P105
00000af3  LogicAnalyzer_P2_7654                  
00000b03  LogicAnalyzer_P3                       
00000b11  LogicAnalyzer_P4                       
00000b2f  LogicAnalyzer_P4_765320                
00000b1f  LogicAnalyzer_P4_765432                
00000b67  LogicAnalyzer_P5                       
00000bf3  LogicAnalyzer_P55_P54_P27_P26_P37_P36  
00000b75  LogicAnalyzer_P6                       
00000b83  LogicAnalyzer_P7                       
00000b91  LogicAnalyzer_P8                       
00000b9f  LogicAnalyzer_P9                       
2000003e  LogicData                              
000022ed  MemManage_Handler                      
00001e47  Motor_Backward                         
00001d7f  Motor_Forward                          
00001d19  Motor_Init                             
00001e01  Motor_Left                             
00001dbb  Motor_Right                            
00001d6b  Motor_Stop                             
000022ed  NMI_Handler                            
000022ed  PCM_IRQHandler                         
000022ed  PORT1_IRQHandler                       
000022ed  PORT2_IRQHandler                       
000022ed  PORT3_IRQHandler                       
00002033  PORT4_IRQHandler                       
00002033  PORT4_IRQHandler                       
000022ed  PORT5_IRQHandler                       
000022ed  PORT6_IRQHandler                       
000022ed  PSS_IRQHandler                         
0000127f  PWM_Duty1                              
0000129f  PWM_Duty2                              
00001343  PWM_Duty3                              
00001363  PWM_Duty4                              
00001195  PWM_Init1                              
000011fb  PWM_Init12                             
000012bf  PWM_Init34                             
000014ab  PWM_RobotArmDuty0                      
000014d1  PWM_RobotArmDuty1                      
000014f7  PWM_RobotArmDuty2                      
000014cb  PWM_RobotArmGetDuty0                   
000014f1  PWM_RobotArmGetDuty1                   
00001517  PWM_RobotArmGetDuty2                   
00001383  PWM_RobotArmInit                       
000022ed  PendSV_Handler                         
2000002c  PeriodicTask2                          
00000ca1  PeriodicTask2_Init                     
00000d1b  PeriodicTask2_Stop                     
2000000c  Postwait                               
20000004  Prewait                                
000022ed  RTC_C_IRQHandler                       
000022e1  Reset_Handler                          
000022f8  Rule                                   
000022ed  SVC_Handler                            
00000c1d  Scope                                  
000022a9  StartCritical                          
20000030  Step                                   
000022ed  SysTick_Handler                        
20000024  SystemCoreClock                        
000015b5  SystemCoreClockUpdate                  
00001829  SystemInit                             
00000d0b  T32_INT1_IRQHandler                    
00000d0b  T32_INT1_IRQHandler                    
000022ed  T32_INT2_IRQHandler                    
000022ed  T32_INTC_IRQHandler                    
000022ed  TA0_0_IRQHandler                       
000022ed  TA0_N_IRQHandler                       
000020eb  TA1_0_IRQHandler                       
000020eb  TA1_0_IRQHandler                       
000022ed  TA1_N_IRQHandler                       
000022ed  TA2_0_IRQHandler                       
000022ed  TA2_N_IRQHandler                       
000022ed  TA3_0_IRQHandler                       
000022ed  TA3_N_IRQHandler                       
00000e6d  TExaS_Clear0                           
00000e79  TExaS_Clear1                           
00000e8d  TExaS_Clear2                           
00000e99  TExaS_Clear3                           
00000ea5  TExaS_Clear4                           
00000ea7  TExaS_Clear5                           
00000eb3  TExaS_Clear6                           
00000f9d  TExaS_Init                             
2000001c  TExaS_ScopeErrConflict                 
20000018  TExaS_ScopeErrLostData                 
20000020  TExaS_ScopeWrnReconfig                 
00000dfb  TExaS_Set                              
00000e13  TExaS_Set0                             
00000e1f  TExaS_Set1                             
00000e2b  TExaS_Set2                             
00000e37  TExaS_Set3                             
00000e43  TExaS_Set4                             
00000e45  TExaS_Set5                             
00000e5d  TExaS_Set6                             
00001129  TExaS_Stop                             
00000db1  TExaS_Task0                            
00000dbd  TExaS_Task1                            
00000dc9  TExaS_Task2                            
00000dd5  TExaS_Task3                            
00000de1  TExaS_Task4                            
00000de3  TExaS_Task5                            
00000def  TExaS_Task6                            
20000034  Time                                   
20000038  TimerA1Task                            
00002079  TimerA1_Init                           
000020d7  TimerA1_Stop                           
00000d85  UART_InChar                            
00000d2b  UART_Init                              
00000d95  UART_OutChar                           
000022ed  UsageFault_Handler                     
4000480c  WDTCTL_SYM                             
000022ed  WDT_A_IRQHandler                       
000022bb  WaitForInterrupt                       
20010000  __STACK_END                            
00000200  __STACK_SIZE                           
00002368  __TI_CINIT_Base                        
00002378  __TI_CINIT_Limit                       
00002350  __TI_Handler_Table_Base                
0000235c  __TI_Handler_Table_Limit               
00002225  __TI_auto_init_nobinit_nopinit         
000021bd  __TI_decompress_lzss                   
000022d3  __TI_decompress_none                   
ffffffff  __TI_pprof_out_hndl                    
ffffffff  __TI_prof_data_size                    
ffffffff  __TI_prof_data_start                   
00000000  __TI_static_base__                     
000022c1  __TI_zero_init_nomemset                
00002121  __aeabi_memcpy                         
00002121  __aeabi_memcpy4                        
00002121  __aeabi_memcpy8                        
ffffffff  __binit__                              
ffffffff  __c_args__                             
UNDEFED   __mpu_init                             
2000fe00  __stack                                
00002269  _c_int00_noargs                        
UNDEFED   _system_post_cinit                     
000022ef  _system_pre_init                       
000022f3  abort                                  
ffffffff  binit                                  
00001c55  delay                                  
00000000  interruptVectors                       
00001a7b  main                                   
000018fb  mainreal                               
00002121  memcpy                                 


GLOBAL SYMBOLS: SORTED BY Symbol Address 

address   name                                   
-------   ----                                   
00000000  __TI_static_base__                     
00000000  interruptVectors                       
00000187  Flash_Init                             
00000193  Flash_Write                            
00000200  __STACK_SIZE                           
000003a9  Flash_WriteArray                       
0000040d  Flash_FastWrite                        
000008c9  Flash_Erase                            
00000acd  LogicAnalyzer                          
00000ad7  LogicAnalyzer_P1                       
00000ae5  LogicAnalyzer_P2                       
00000af3  LogicAnalyzer_P2_7654                  
00000b03  LogicAnalyzer_P3                       
00000b11  LogicAnalyzer_P4                       
00000b1f  LogicAnalyzer_P4_765432                
00000b2f  LogicAnalyzer_P4_765320                
00000b67  LogicAnalyzer_P5                       
00000b75  LogicAnalyzer_P6                       
00000b83  LogicAnalyzer_P7                       
00000b91  LogicAnalyzer_P8                       
00000b9f  LogicAnalyzer_P9                       
00000bad  LogicAnalyzer_P10                      
00000bbb  LogicAnalyzer_P27_P26_P82_P92_P104_P105
00000bf3  LogicAnalyzer_P55_P54_P27_P26_P37_P36  
00000c1d  Scope                                  
00000ca1  PeriodicTask2_Init                     
00000d0b  T32_INT1_IRQHandler                    
00000d0b  T32_INT1_IRQHandler                    
00000d1b  PeriodicTask2_Stop                     
00000d2b  UART_Init                              
00000d85  UART_InChar                            
00000d95  UART_OutChar                           
00000db1  TExaS_Task0                            
00000dbd  TExaS_Task1                            
00000dc9  TExaS_Task2                            
00000dd5  TExaS_Task3                            
00000de1  TExaS_Task4                            
00000de3  TExaS_Task5                            
00000def  TExaS_Task6                            
00000dfb  TExaS_Set                              
00000e13  TExaS_Set0                             
00000e1f  TExaS_Set1                             
00000e2b  TExaS_Set2                             
00000e37  TExaS_Set3                             
00000e43  TExaS_Set4                             
00000e45  TExaS_Set5                             
00000e5d  TExaS_Set6                             
00000e6d  TExaS_Clear0                           
00000e79  TExaS_Clear1                           
00000e8d  TExaS_Clear2                           
00000e99  TExaS_Clear3                           
00000ea5  TExaS_Clear4                           
00000ea7  TExaS_Clear5                           
00000eb3  TExaS_Clear6                           
00000ed9  ADC_Init                               
00000f9d  TExaS_Init                             
00001129  TExaS_Stop                             
00001195  PWM_Init1                              
000011fb  PWM_Init12                             
0000127f  PWM_Duty1                              
0000129f  PWM_Duty2                              
000012bf  PWM_Init34                             
00001343  PWM_Duty3                              
00001363  PWM_Duty4                              
00001383  PWM_RobotArmInit                       
000014ab  PWM_RobotArmDuty0                      
000014cb  PWM_RobotArmGetDuty0                   
000014d1  PWM_RobotArmDuty1                      
000014f1  PWM_RobotArmGetDuty1                   
000014f7  PWM_RobotArmDuty2                      
00001517  PWM_RobotArmGetDuty2                   
000015b5  SystemCoreClockUpdate                  
00001829  SystemInit                             
000018e1  HandleCollision                        
000018fb  mainreal                               
0000192d  Interpreter                            
00001999  Collision                              
000019ef  Debug_FlashInit                        
00001a4b  Debug_FlashRecord                      
00001a7b  main                                   
00001b39  Clock_Init48MHz                        
00001c4f  Clock_GetFreq                          
00001c55  delay                                  
00001c63  Clock_Delay1us                         
00001c8d  Clock_Delay1ms                         
00001d19  Motor_Init                             
00001d6b  Motor_Stop                             
00001d7f  Motor_Forward                          
00001dbb  Motor_Right                            
00001e01  Motor_Left                             
00001e47  Motor_Backward                         
00001ea5  LaunchPad_Init                         
00001f15  LaunchPad_Input                        
00001f2f  LaunchPad_LED                          
00001f4d  LaunchPad_Output                       
00001f99  BumpInt_Init                           
00002007  Bump_Read                              
00002033  PORT4_IRQHandler                       
00002033  PORT4_IRQHandler                       
00002079  TimerA1_Init                           
000020d7  TimerA1_Stop                           
000020eb  TA1_0_IRQHandler                       
000020eb  TA1_0_IRQHandler                       
00002121  __aeabi_memcpy                         
00002121  __aeabi_memcpy4                        
00002121  __aeabi_memcpy8                        
00002121  memcpy                                 
000021bd  __TI_decompress_lzss                   
00002225  __TI_auto_init_nobinit_nopinit         
00002269  _c_int00_noargs                        
0000229d  DisableInterrupts                      
000022a3  EnableInterrupts                       
000022a9  StartCritical                          
000022b3  EndCritical                            
000022bb  WaitForInterrupt                       
000022c1  __TI_zero_init_nomemset                
000022d3  __TI_decompress_none                   
000022e1  Reset_Handler                          
000022ed  ADC14_IRQHandler                       
000022ed  AES256_IRQHandler                      
000022ed  BusFault_Handler                       
000022ed  COMP_E0_IRQHandler                     
000022ed  COMP_E1_IRQHandler                     
000022ed  CS_IRQHandler                          
000022ed  DMA_ERR_IRQHandler                     
000022ed  DMA_INT0_IRQHandler                    
000022ed  DMA_INT1_IRQHandler                    
000022ed  DMA_INT2_IRQHandler                    
000022ed  DMA_INT3_IRQHandler                    
000022ed  DebugMon_Handler                       
000022ed  Default_Handler                        
000022ed  EUSCIA0_IRQHandler                     
000022ed  EUSCIA1_IRQHandler                     
000022ed  EUSCIA2_IRQHandler                     
000022ed  EUSCIA3_IRQHandler                     
000022ed  EUSCIB0_IRQHandler                     
000022ed  EUSCIB1_IRQHandler                     
000022ed  EUSCIB2_IRQHandler                     
000022ed  EUSCIB3_IRQHandler                     
000022ed  FLCTL_IRQHandler                       
000022ed  FPU_IRQHandler                         
000022ed  HardFault_Handler                      
000022ed  MemManage_Handler                      
000022ed  NMI_Handler                            
000022ed  PCM_IRQHandler                         
000022ed  PORT1_IRQHandler                       
000022ed  PORT2_IRQHandler                       
000022ed  PORT3_IRQHandler                       
000022ed  PORT5_IRQHandler                       
000022ed  PORT6_IRQHandler                       
000022ed  PSS_IRQHandler                         
000022ed  PendSV_Handler                         
000022ed  RTC_C_IRQHandler                       
000022ed  SVC_Handler                            
000022ed  SysTick_Handler                        
000022ed  T32_INT2_IRQHandler                    
000022ed  T32_INTC_IRQHandler                    
000022ed  TA0_0_IRQHandler                       
000022ed  TA0_N_IRQHandler                       
000022ed  TA1_N_IRQHandler                       
000022ed  TA2_0_IRQHandler                       
000022ed  TA2_N_IRQHandler                       
000022ed  TA3_0_IRQHandler                       
000022ed  TA3_N_IRQHandler                       
000022ed  UsageFault_Handler                     
000022ed  WDT_A_IRQHandler                       
000022ef  _system_pre_init                       
000022f3  C$$EXIT                                
000022f3  abort                                  
000022f8  Rule                                   
00002350  __TI_Handler_Table_Base                
0000235c  __TI_Handler_Table_Limit               
00002368  __TI_CINIT_Base                        
00002378  __TI_CINIT_Limit                       
20000000  ClockFrequency                         
20000004  Prewait                                
20000008  CPMwait                                
2000000c  Postwait                               
20000010  IFlags                                 
20000014  Crystalstable                          
20000018  TExaS_ScopeErrLostData                 
2000001c  TExaS_ScopeErrConflict                 
20000020  TExaS_ScopeWrnReconfig                 
20000024  SystemCoreClock                        
20000028  BumpTask                               
2000002c  PeriodicTask2                          
20000030  Step                                   
20000034  Time                                   
20000038  TimerA1Task                            
2000003c  CollisionData                          
2000003d  CollisionFlag                          
2000003e  LogicData                              
2000fe00  __stack                                
20010000  __STACK_END                            
4000480c  WDTCTL_SYM                             
ffffffff  __TI_pprof_out_hndl                    
ffffffff  __TI_prof_data_size                    
ffffffff  __TI_prof_data_start                   
ffffffff  __binit__                              
ffffffff  __c_args__                             
ffffffff  binit                                  
UNDEFED   __mpu_init                             
UNDEFED   _system_post_cinit                     

[203 symbols]
