******************************************************************************
                  TI ARM Linker PC v20.2.2                     
******************************************************************************
>> Linked Thu Mar 18 16:26:17 2021

OUTPUT FILE NAME:   <Lab07_FSM.out>
ENTRY POINT SYMBOL: "_c_int00_noargs"  address: 00000f81


MEMORY CONFIGURATION

         name            origin    length      used     unused   attr    fill
----------------------  --------  ---------  --------  --------  ----  --------
  MAIN                  00000000   00040000  00001144  0003eebc  R  X
  INFO                  00200000   00004000  00000000  00004000  R  X
  SRAM_CODE             01000000   00010000  0000023f  0000fdc1  RW X
  SRAM_DATA             20000000   00010000  0000023f  0000fdc1  RW  


SEGMENT ALLOCATION MAP

run origin  load origin   length   init length attrs members
----------  ----------- ---------- ----------- ----- -------
00000000    00000000    00001148   00001148    r-x
  00000000    00000000    000000e4   000000e4    r-- .intvecs
  000000e4    000000e4    00000f10   00000f10    r-x .text
  00000ff4    00000ff4    00000118   00000118    r-- .const
  00001110    00001110    00000038   00000038    r-- .cinit
20000000    20000000    0000003f   00000000    rw-
  20000000    20000000    00000028   00000000    rw- .data
  20000028    20000028    00000017   00000000    rw- .bss
2000fe00    2000fe00    00000200   00000000    rw-
  2000fe00    2000fe00    00000200   00000000    rw- .stack


SECTION ALLOCATION MAP

 output                                  attributes/
section   page    origin      length       input sections
--------  ----  ----------  ----------   ----------------
.intvecs   0    00000000    000000e4     
                  00000000    000000e4     startup_msp432p401r_ccs.obj (.intvecs:retain)

.text      0    000000e4    00000f10     
                  000000e4    000004f4     TExaS.obj (.text)
                  000005d8    0000022c     PWM.obj (.text)
                  00000804    000001e4     system_msp432p401r.obj (.text)
                  000009e8    00000144     Motor.obj (.text)
                  00000b2c    0000013c     Clock.obj (.text)
                  00000c68    000000a0     BumpInt.obj (.text)
                  00000d08    0000009c     LaunchPad.obj (.text)
                  00000da4    0000009c     rtsv7M4_T_le_v4SPD16_eabi.lib : memcpy_t2.asm.obj (.text)
                  00000e40    00000094     Lab07_FSMmain.obj (.text)
                  00000ed4    00000068     rtsv7M4_T_le_v4SPD16_eabi.lib : copy_decompress_lzss.c.obj (.text:decompress:lzss:__TI_decompress_lzss)
                  00000f3c    00000044                                   : autoinit.c.obj (.text:__TI_auto_init_nobinit_nopinit:__TI_auto_init_nobinit_nopinit)
                  00000f80    00000034                                   : boot_cortex_m.c.obj (.text:_c_int00_noargs:_c_int00_noargs)
                  00000fb4    0000001c                                   : copy_zero_init.c.obj (.text:decompress:ZI:__TI_zero_init_nomemset:__TI_zero_init_nomemset)
                  00000fd0    0000000e                                   : copy_decompress_none.c.obj (.text:decompress:none:__TI_decompress_none)
                  00000fde    0000000e     startup_msp432p401r_ccs.obj (.text)
                  00000fec    00000004     rtsv7M4_T_le_v4SPD16_eabi.lib : pre_init.c.obj (.text:_system_pre_init)
                  00000ff0    00000004                                   : exit.c.obj (.text:abort:abort)

.const     0    00000ff4    00000118     
                  00000ff4    00000118     Lab07_FSMmain.obj (.const:fsm)

.cinit     0    00001110    00000038     
                  00001110    0000000d     (.cinit..data.load) [load image, compression = lzss]
                  0000111d    00000003     --HOLE-- [fill = 0]
                  00001120    0000000c     (__TI_handler_table)
                  0000112c    00000004     --HOLE-- [fill = 0]
                  00001130    00000008     (.cinit..bss.load) [load image, compression = zero_init]
                  00001138    00000010     (__TI_cinit_table)

.init_array 
*          0    00000000    00000000     UNINITIALIZED

.binit     0    00000000    00000000     

.data      0    20000000    00000028     UNINITIALIZED
                  20000000    00000018     Clock.obj (.data)
                  20000018    0000000c     TExaS.obj (.data)
                  20000024    00000004     system_msp432p401r.obj (.data)

.bss       0    20000028    00000017     UNINITIALIZED
                  20000028    00000004     (.common:Input)
                  2000002c    00000004     (.common:PeriodicTask2)
                  20000030    00000004     (.common:Spt)
                  20000034    00000004     (.common:leftMotor)
                  20000038    00000004     (.common:rightMotor)
                  2000003c    00000001     (.common:CollisionData)
                  2000003d    00000001     (.common:CollisionFlag)
                  2000003e    00000001     (.common:LogicData)

.stack     0    2000fe00    00000200     UNINITIALIZED
                  2000fe00    00000004     rtsv7M4_T_le_v4SPD16_eabi.lib : boot_cortex_m.c.obj (.stack)
                  2000fe04    000001fc     --HOLE--

__llvm_prf_cnts 
*          0    20000000    00000000     UNINITIALIZED

MODULE SUMMARY

       Module                        code   ro data   rw data
       ------                        ----   -------   -------
    .\
       TExaS.obj                     1268   0         34     
       PWM.obj                       556    0         0      
       system_msp432p401r.obj        484    0         8      
       Lab07_FSMmain.obj             148    280       36     
       Clock.obj                     316    0         48     
       Motor.obj                     324    0         0      
       startup_msp432p401r_ccs.obj   14     228       0      
       BumpInt.obj                   160    0         0      
       LaunchPad.obj                 156    0         0      
    +--+-----------------------------+------+---------+---------+
       Total:                        3426   508       126    
                                                             
    C:\ti\ccs1020\ccs\tools\compiler\ti-cgt-arm_20.2.2.LTS\lib\rtsv7M4_T_le_v4SPD16_eabi.lib
       memcpy_t2.asm.obj             156    0         0      
       copy_decompress_lzss.c.obj    104    0         0      
       autoinit.c.obj                68     0         0      
       boot_cortex_m.c.obj           52     0         0      
       copy_zero_init.c.obj          28     0         0      
       copy_decompress_none.c.obj    14     0         0      
       exit.c.obj                    4      0         0      
       pre_init.c.obj                4      0         0      
    +--+-----------------------------+------+---------+---------+
       Total:                        430    0         0      
                                                             
       Stack:                        0      0         1024   
       Linker Generated:             0      49        0      
    +--+-----------------------------+------+---------+---------+
       Grand Total:                  3856   557       1150   


LINKER GENERATED COPY TABLES

__TI_cinit_table @ 00001138 records: 2, size/record: 8, table size: 16
	.data: load addr=00001110, load size=0000000d bytes, run addr=20000000, run size=00000028 bytes, compression=lzss
	.bss: load addr=00001130, load size=00000008 bytes, run addr=20000028, run size=00000017 bytes, compression=zero_init


LINKER GENERATED HANDLER TABLE

__TI_handler_table @ 00001120 records: 3, size/record: 4, table size: 12
	index: 0, handler: __TI_decompress_lzss
	index: 1, handler: __TI_decompress_none
	index: 2, handler: __TI_zero_init


GLOBAL SYMBOLS: SORTED ALPHABETICALLY BY Name 

address   name                                   
-------   ----                                   
00000feb  ADC14_IRQHandler                       
000001fd  ADC_Init                               
00000feb  AES256_IRQHandler                      
00000cab  BumpInt_Init                           
00000c9f  Bump_Read                              
00000feb  BusFault_Handler                       
00000ff1  C$$EXIT                                
00000feb  COMP_E0_IRQHandler                     
00000feb  COMP_E1_IRQHandler                     
20000008  CPMwait                                
00000feb  CS_IRQHandler                          
20000000  ClockFrequency                         
00000c1f  Clock_Delay1ms                         
00000c1d  Clock_Delay1us                         
00000c17  Clock_GetFreq                          
00000b33  Clock_Init48MHz                        
2000003c  CollisionData                          
2000003d  CollisionFlag                          
20000014  Crystalstable                          
00000feb  DMA_ERR_IRQHandler                     
00000feb  DMA_INT0_IRQHandler                    
00000feb  DMA_INT1_IRQHandler                    
00000feb  DMA_INT2_IRQHandler                    
00000feb  DMA_INT3_IRQHandler                    
00000feb  DebugMon_Handler                       
00000feb  Default_Handler                        
00000feb  EUSCIA0_IRQHandler                     
00000feb  EUSCIA1_IRQHandler                     
00000feb  EUSCIA2_IRQHandler                     
00000feb  EUSCIA3_IRQHandler                     
00000feb  EUSCIB0_IRQHandler                     
00000feb  EUSCIB1_IRQHandler                     
00000feb  EUSCIB2_IRQHandler                     
00000feb  EUSCIB3_IRQHandler                     
UNDEFED   EnableInterrupts                       
00000feb  FLCTL_IRQHandler                       
00000feb  FPU_IRQHandler                         
00000e9f  HandleCollision                        
00000feb  HardFault_Handler                      
20000010  IFlags                                 
20000028  Input                                  
00000d43  LaunchPad_Init                         
00000d25  LaunchPad_Input                        
00000d17  LaunchPad_LED                          
00000d09  LaunchPad_Output                       
00000379  LogicAnalyzer                          
00000383  LogicAnalyzer_P1                       
00000461  LogicAnalyzer_P10                      
00000391  LogicAnalyzer_P2                       
00000475  LogicAnalyzer_P27_P26_P82_P92_P104_P105
0000039f  LogicAnalyzer_P2_7654                  
000003af  LogicAnalyzer_P3                       
000003bf  LogicAnalyzer_P4                       
000003e1  LogicAnalyzer_P4_765320                
000003cf  LogicAnalyzer_P4_765432                
00000407  LogicAnalyzer_P5                       
000004ad  LogicAnalyzer_P55_P54_P27_P26_P37_P36  
00000421  LogicAnalyzer_P6                       
00000431  LogicAnalyzer_P7                       
00000441  LogicAnalyzer_P8                       
00000451  LogicAnalyzer_P9                       
2000003e  LogicData                              
00000feb  MemManage_Handler                      
00000af7  Motor_Backward                         
00000acd  Motor_Forward                          
00000a69  Motor_Init                             
00000a39  Motor_Left                             
00000a09  Motor_Right                            
000009e9  Motor_Stop                             
00000feb  NMI_Handler                            
00000feb  PCM_IRQHandler                         
00000feb  PORT1_IRQHandler                       
00000feb  PORT2_IRQHandler                       
00000feb  PORT3_IRQHandler                       
00000c69  PORT4_IRQHandler                       
00000c69  PORT4_IRQHandler                       
00000feb  PORT5_IRQHandler                       
00000feb  PORT6_IRQHandler                       
00000feb  PSS_IRQHandler                         
000007e9  PWM_Duty1                              
000007dd  PWM_Duty2                              
000007d1  PWM_Duty3                              
000007c5  PWM_Duty4                              
00000789  PWM_Init1                              
00000745  PWM_Init12                             
00000701  PWM_Init34                             
000006f3  PWM_RobotArmDuty0                      
000006e5  PWM_RobotArmDuty1                      
000006d7  PWM_RobotArmDuty2                      
000006cf  PWM_RobotArmGetDuty0                   
000006c9  PWM_RobotArmGetDuty1                   
000006c3  PWM_RobotArmGetDuty2                   
000005d9  PWM_RobotArmInit                       
00000feb  PendSV_Handler                         
2000002c  PeriodicTask2                          
00000251  PeriodicTask2_Init                     
00000199  PeriodicTask2_Stop                     
2000000c  Postwait                               
20000004  Prewait                                
00000feb  RTC_C_IRQHandler                       
00000fdf  Reset_Handler                          
00000feb  SVC_Handler                            
000004e9  Scope                                  
20000030  Spt                                    
00000feb  SysTick_Handler                        
UNDEFED   SysTick_Wait10ms                       
20000024  SystemCoreClock                        
0000085b  SystemCoreClockUpdate                  
00000805  SystemInit                             
0000055d  T32_INT1_IRQHandler                    
0000055d  T32_INT1_IRQHandler                    
00000feb  T32_INT2_IRQHandler                    
00000feb  T32_INTC_IRQHandler                    
00000feb  TA0_0_IRQHandler                       
00000feb  TA0_N_IRQHandler                       
00000feb  TA1_0_IRQHandler                       
00000feb  TA1_N_IRQHandler                       
00000feb  TA2_0_IRQHandler                       
00000feb  TA2_N_IRQHandler                       
00000feb  TA3_0_IRQHandler                       
00000feb  TA3_N_IRQHandler                       
0000036d  TExaS_Clear0                           
00000361  TExaS_Clear1                           
00000355  TExaS_Clear2                           
00000349  TExaS_Clear3                           
00000347  TExaS_Clear4                           
0000033b  TExaS_Clear5                           
0000032f  TExaS_Clear6                           
00000289  TExaS_Init                             
2000001c  TExaS_ScopeErrConflict                 
20000018  TExaS_ScopeErrLostData                 
20000020  TExaS_ScopeWrnReconfig                 
000001f3  TExaS_Set                              
000001e7  TExaS_Set0                             
000001db  TExaS_Set1                             
000001cf  TExaS_Set2                             
000001c3  TExaS_Set3                             
000001c1  TExaS_Set4                             
000001b5  TExaS_Set5                             
000001a9  TExaS_Set6                             
00000199  TExaS_Stop                             
0000018d  TExaS_Task0                            
00000181  TExaS_Task1                            
00000175  TExaS_Task2                            
00000169  TExaS_Task3                            
00000167  TExaS_Task4                            
0000015b  TExaS_Task5                            
0000014f  TExaS_Task6                            
00000141  UART_InChar                            
000000f1  UART_Init                              
000000e5  UART_OutChar                           
00000feb  UsageFault_Handler                     
4000480c  WDTCTL_SYM                             
00000feb  WDT_A_IRQHandler                       
UNDEFED   WaitForInterrupt                       
20010000  __STACK_END                            
00000200  __STACK_SIZE                           
00001138  __TI_CINIT_Base                        
00001148  __TI_CINIT_Limit                       
00001120  __TI_Handler_Table_Base                
0000112c  __TI_Handler_Table_Limit               
00000f3d  __TI_auto_init_nobinit_nopinit         
00000ed5  __TI_decompress_lzss                   
00000fd1  __TI_decompress_none                   
ffffffff  __TI_pprof_out_hndl                    
ffffffff  __TI_prof_data_size                    
ffffffff  __TI_prof_data_start                   
00000000  __TI_static_base__                     
00000fb5  __TI_zero_init_nomemset                
00000da5  __aeabi_memcpy                         
00000da5  __aeabi_memcpy4                        
00000da5  __aeabi_memcpy8                        
ffffffff  __binit__                              
ffffffff  __c_args__                             
UNDEFED   __mpu_init                             
2000fe00  __stack                                
20000000  __start___llvm_prf_cnts                
20000000  __stop___llvm_prf_cnts                 
00000f81  _c_int00_noargs                        
UNDEFED   _system_post_cinit                     
00000fed  _system_pre_init                       
00000ff1  abort                                  
ffffffff  binit                                  
00000b2d  delay                                  
00000ff4  fsm                                    
00000000  interruptVectors                       
20000034  leftMotor                              
00000e41  main                                   
00000da5  memcpy                                 
20000038  rightMotor                             


GLOBAL SYMBOLS: SORTED BY Symbol Address 

address   name                                   
-------   ----                                   
00000000  __TI_static_base__                     
00000000  interruptVectors                       
000000e5  UART_OutChar                           
000000f1  UART_Init                              
00000141  UART_InChar                            
0000014f  TExaS_Task6                            
0000015b  TExaS_Task5                            
00000167  TExaS_Task4                            
00000169  TExaS_Task3                            
00000175  TExaS_Task2                            
00000181  TExaS_Task1                            
0000018d  TExaS_Task0                            
00000199  PeriodicTask2_Stop                     
00000199  TExaS_Stop                             
000001a9  TExaS_Set6                             
000001b5  TExaS_Set5                             
000001c1  TExaS_Set4                             
000001c3  TExaS_Set3                             
000001cf  TExaS_Set2                             
000001db  TExaS_Set1                             
000001e7  TExaS_Set0                             
000001f3  TExaS_Set                              
000001fd  ADC_Init                               
00000200  __STACK_SIZE                           
00000251  PeriodicTask2_Init                     
00000289  TExaS_Init                             
0000032f  TExaS_Clear6                           
0000033b  TExaS_Clear5                           
00000347  TExaS_Clear4                           
00000349  TExaS_Clear3                           
00000355  TExaS_Clear2                           
00000361  TExaS_Clear1                           
0000036d  TExaS_Clear0                           
00000379  LogicAnalyzer                          
00000383  LogicAnalyzer_P1                       
00000391  LogicAnalyzer_P2                       
0000039f  LogicAnalyzer_P2_7654                  
000003af  LogicAnalyzer_P3                       
000003bf  LogicAnalyzer_P4                       
000003cf  LogicAnalyzer_P4_765432                
000003e1  LogicAnalyzer_P4_765320                
00000407  LogicAnalyzer_P5                       
00000421  LogicAnalyzer_P6                       
00000431  LogicAnalyzer_P7                       
00000441  LogicAnalyzer_P8                       
00000451  LogicAnalyzer_P9                       
00000461  LogicAnalyzer_P10                      
00000475  LogicAnalyzer_P27_P26_P82_P92_P104_P105
000004ad  LogicAnalyzer_P55_P54_P27_P26_P37_P36  
000004e9  Scope                                  
0000055d  T32_INT1_IRQHandler                    
0000055d  T32_INT1_IRQHandler                    
000005d9  PWM_RobotArmInit                       
000006c3  PWM_RobotArmGetDuty2                   
000006c9  PWM_RobotArmGetDuty1                   
000006cf  PWM_RobotArmGetDuty0                   
000006d7  PWM_RobotArmDuty2                      
000006e5  PWM_RobotArmDuty1                      
000006f3  PWM_RobotArmDuty0                      
00000701  PWM_Init34                             
00000745  PWM_Init12                             
00000789  PWM_Init1                              
000007c5  PWM_Duty4                              
000007d1  PWM_Duty3                              
000007dd  PWM_Duty2                              
000007e9  PWM_Duty1                              
00000805  SystemInit                             
0000085b  SystemCoreClockUpdate                  
000009e9  Motor_Stop                             
00000a09  Motor_Right                            
00000a39  Motor_Left                             
00000a69  Motor_Init                             
00000acd  Motor_Forward                          
00000af7  Motor_Backward                         
00000b2d  delay                                  
00000b33  Clock_Init48MHz                        
00000c17  Clock_GetFreq                          
00000c1d  Clock_Delay1us                         
00000c1f  Clock_Delay1ms                         
00000c69  PORT4_IRQHandler                       
00000c69  PORT4_IRQHandler                       
00000c9f  Bump_Read                              
00000cab  BumpInt_Init                           
00000d09  LaunchPad_Output                       
00000d17  LaunchPad_LED                          
00000d25  LaunchPad_Input                        
00000d43  LaunchPad_Init                         
00000da5  __aeabi_memcpy                         
00000da5  __aeabi_memcpy4                        
00000da5  __aeabi_memcpy8                        
00000da5  memcpy                                 
00000e41  main                                   
00000e9f  HandleCollision                        
00000ed5  __TI_decompress_lzss                   
00000f3d  __TI_auto_init_nobinit_nopinit         
00000f81  _c_int00_noargs                        
00000fb5  __TI_zero_init_nomemset                
00000fd1  __TI_decompress_none                   
00000fdf  Reset_Handler                          
00000feb  ADC14_IRQHandler                       
00000feb  AES256_IRQHandler                      
00000feb  BusFault_Handler                       
00000feb  COMP_E0_IRQHandler                     
00000feb  COMP_E1_IRQHandler                     
00000feb  CS_IRQHandler                          
00000feb  DMA_ERR_IRQHandler                     
00000feb  DMA_INT0_IRQHandler                    
00000feb  DMA_INT1_IRQHandler                    
00000feb  DMA_INT2_IRQHandler                    
00000feb  DMA_INT3_IRQHandler                    
00000feb  DebugMon_Handler                       
00000feb  Default_Handler                        
00000feb  EUSCIA0_IRQHandler                     
00000feb  EUSCIA1_IRQHandler                     
00000feb  EUSCIA2_IRQHandler                     
00000feb  EUSCIA3_IRQHandler                     
00000feb  EUSCIB0_IRQHandler                     
00000feb  EUSCIB1_IRQHandler                     
00000feb  EUSCIB2_IRQHandler                     
00000feb  EUSCIB3_IRQHandler                     
00000feb  FLCTL_IRQHandler                       
00000feb  FPU_IRQHandler                         
00000feb  HardFault_Handler                      
00000feb  MemManage_Handler                      
00000feb  NMI_Handler                            
00000feb  PCM_IRQHandler                         
00000feb  PORT1_IRQHandler                       
00000feb  PORT2_IRQHandler                       
00000feb  PORT3_IRQHandler                       
00000feb  PORT5_IRQHandler                       
00000feb  PORT6_IRQHandler                       
00000feb  PSS_IRQHandler                         
00000feb  PendSV_Handler                         
00000feb  RTC_C_IRQHandler                       
00000feb  SVC_Handler                            
00000feb  SysTick_Handler                        
00000feb  T32_INT2_IRQHandler                    
00000feb  T32_INTC_IRQHandler                    
00000feb  TA0_0_IRQHandler                       
00000feb  TA0_N_IRQHandler                       
00000feb  TA1_0_IRQHandler                       
00000feb  TA1_N_IRQHandler                       
00000feb  TA2_0_IRQHandler                       
00000feb  TA2_N_IRQHandler                       
00000feb  TA3_0_IRQHandler                       
00000feb  TA3_N_IRQHandler                       
00000feb  UsageFault_Handler                     
00000feb  WDT_A_IRQHandler                       
00000fed  _system_pre_init                       
00000ff1  C$$EXIT                                
00000ff1  abort                                  
00000ff4  fsm                                    
00001120  __TI_Handler_Table_Base                
0000112c  __TI_Handler_Table_Limit               
00001138  __TI_CINIT_Base                        
00001148  __TI_CINIT_Limit                       
20000000  ClockFrequency                         
20000000  __start___llvm_prf_cnts                
20000000  __stop___llvm_prf_cnts                 
20000004  Prewait                                
20000008  CPMwait                                
2000000c  Postwait                               
20000010  IFlags                                 
20000014  Crystalstable                          
20000018  TExaS_ScopeErrLostData                 
2000001c  TExaS_ScopeErrConflict                 
20000020  TExaS_ScopeWrnReconfig                 
20000024  SystemCoreClock                        
20000028  Input                                  
2000002c  PeriodicTask2                          
20000030  Spt                                    
20000034  leftMotor                              
20000038  rightMotor                             
2000003c  CollisionData                          
2000003d  CollisionFlag                          
2000003e  LogicData                              
2000fe00  __stack                                
20010000  __STACK_END                            
4000480c  WDTCTL_SYM                             
ffffffff  __TI_pprof_out_hndl                    
ffffffff  __TI_prof_data_size                    
ffffffff  __TI_prof_data_start                   
ffffffff  __binit__                              
ffffffff  __c_args__                             
ffffffff  binit                                  
UNDEFED   EnableInterrupts                       
UNDEFED   SysTick_Wait10ms                       
UNDEFED   WaitForInterrupt                       
UNDEFED   __mpu_init                             
UNDEFED   _system_post_cinit                     

[190 symbols]
