******************************************************************************
                  TI ARM Linker PC v18.12.1                    
******************************************************************************
>> Linked Wed Jul 31 21:53:31 2019

OUTPUT FILE NAME:   <Lab13_Timers.out>
ENTRY POINT SYMBOL: "_c_int00_noargs"  address: 0000188d


MEMORY CONFIGURATION

         name            origin    length      used     unused   attr    fill
----------------------  --------  ---------  --------  --------  ----  --------
  MAIN                  00000000   00040000  0000196a  0003e696  R  X
  INFO                  00200000   00004000  00000000  00004000  R  X
  SRAM_CODE             01000000   00010000  0000023a  0000fdc6  RW X
  SRAM_DATA             20000000   00010000  0000023a  0000fdc6  RW  


SEGMENT ALLOCATION MAP

run origin  load origin   length   init length attrs members
----------  ----------- ---------- ----------- ----- -------
00000000    00000000    00001970   00001970    r-x
  00000000    00000000    000000e4   000000e4    r-- .intvecs
  000000e4    000000e4    00001836   00001836    r-x .text
  0000191a    0000191a    00000018   00000018    r-- .const
  00001938    00001938    00000038   00000038    r-- .cinit
20000000    20000000    0000003a   00000000    rw-
  20000000    20000000    00000028   00000000    rw- .data
  20000028    20000028    00000012   00000000    rw- .bss
2000fe00    2000fe00    00000200   00000000    rw-
  2000fe00    2000fe00    00000200   00000000    rw- .stack


SECTION ALLOCATION MAP

 output                                  attributes/
section   page    origin      length       input sections
--------  ----  ----------  ----------   ----------------
.intvecs   0    00000000    000000e4     
                  00000000    000000e4     startup_msp432p401r_ccs.obj (.intvecs:retain)

.text      0    000000e4    00001836     
                  000000e4    000006c8     TExaS.obj (.text)
                  000007ac    00000420     PWM.obj (.text)
                  00000bcc    0000032c     system_msp432p401r.obj (.text)
                  00000ef8    00000274     Lab13_Timersmain.obj (.text)
                  0000116c    000001e0     Clock.obj (.text)
                  0000134c    0000018c     Motor.obj (.text)
                  000014d8    000000f4     LaunchPad.obj (.text)
                  000015cc    000000a8     TimerA1.obj (.text)
                  00001674    0000009c     rtsv7M4_T_le_v4SPD16_eabi.lib : memcpy_t2.asm.obj (.text)
                  00001710    00000078     Bump.obj (.text)
                  00001788    00000068     rtsv7M4_T_le_v4SPD16_eabi.lib : copy_decompress_lzss.c.obj (.text:decompress:lzss:__TI_decompress_lzss)
                  000017f0    00000058     blinker.obj (.text)
                  00001848    00000044     rtsv7M4_T_le_v4SPD16_eabi.lib : autoinit.c.obj (.text:__TI_auto_init_nobinit_nopinit:__TI_auto_init_nobinit_nopinit)
                  0000188c    00000034                                   : boot_cortex_m.c.obj (.text:_c_int00_noargs:_c_int00_noargs)
                  000018c0    00000024     CortexM.obj (.text)
                  000018e4    00000012     rtsv7M4_T_le_v4SPD16_eabi.lib : copy_zero_init.c.obj (.text:decompress:ZI:__TI_zero_init_nomemset:__TI_zero_init_nomemset)
                  000018f6    0000000e                                   : copy_decompress_none.c.obj (.text:decompress:none:__TI_decompress_none)
                  00001904    0000000e     startup_msp432p401r_ccs.obj (.text)
                  00001912    00000004     rtsv7M4_T_le_v4SPD16_eabi.lib : pre_init.c.obj (.text:_system_pre_init)
                  00001916    00000004                                   : exit.c.obj (.text:abort:abort)

.const     0    0000191a    00000018     
                  0000191a    0000000c     Lab13_Timersmain.obj (.const:Blink)
                  00001926    0000000c     Lab13_Timersmain.obj (.const:Duty)

.cinit     0    00001938    00000038     
                  00001938    0000000d     (.cinit..data.load) [load image, compression = lzss]
                  00001945    00000003     --HOLE-- [fill = 0]
                  00001948    0000000c     (__TI_handler_table)
                  00001954    00000004     --HOLE-- [fill = 0]
                  00001958    00000008     (.cinit..bss.load) [load image, compression = zero_init]
                  00001960    00000010     (__TI_cinit_table)

.init_array 
*          0    00000000    00000000     UNINITIALIZED

.binit     0    00000000    00000000     

.data      0    20000000    00000028     UNINITIALIZED
                  20000000    00000018     Clock.obj (.data)
                  20000018    0000000c     TExaS.obj (.data)
                  20000024    00000004     system_msp432p401r.obj (.data)

.bss       0    20000028    00000012     UNINITIALIZED
                  20000028    00000004     (.common:PeriodicTask2)
                  2000002c    00000004     (.common:Running)
                  20000030    00000004     (.common:Time)
                  20000034    00000004     (.common:TimerA1Task)
                  20000038    00000001     (.common:BumpValue)
                  20000039    00000001     (.common:LogicData)

.stack     0    2000fe00    00000200     UNINITIALIZED
                  2000fe00    00000004     rtsv7M4_T_le_v4SPD16_eabi.lib : boot_cortex_m.c.obj (.stack)
                  2000fe04    000001fc     --HOLE--

MODULE SUMMARY

       Module                        code   ro data   rw data
       ------                        ----   -------   -------
    .\
       TExaS.obj                     1736   0         34     
       PWM.obj                       1056   0         0      
       system_msp432p401r.obj        812    0         8      
       Lab13_Timersmain.obj          628    24        18     
       Clock.obj                     480    0         48     
       Motor.obj                     396    0         0      
       LaunchPad.obj                 244    0         0      
       startup_msp432p401r_ccs.obj   14     228       0      
       TimerA1.obj                   168    0         8      
       Bump.obj                      120    0         0      
       blinker.obj                   88     0         0      
       CortexM.obj                   36     0         0      
    +--+-----------------------------+------+---------+---------+
       Total:                        5778   252       116    
                                                             
    E:\ti\ccs900\ccs\tools\compiler\ti-cgt-arm_18.12.1.LTS\lib\rtsv7M4_T_le_v4SPD16_eabi.lib
       memcpy_t2.asm.obj             156    0         0      
       copy_decompress_lzss.c.obj    104    0         0      
       autoinit.c.obj                68     0         0      
       boot_cortex_m.c.obj           52     0         0      
       copy_zero_init.c.obj          18     0         0      
       copy_decompress_none.c.obj    14     0         0      
       exit.c.obj                    4      0         0      
       pre_init.c.obj                4      0         0      
    +--+-----------------------------+------+---------+---------+
       Total:                        420    0         0      
                                                             
       Stack:                        0      0         1024   
       Linker Generated:             0      49        0      
    +--+-----------------------------+------+---------+---------+
       Grand Total:                  6198   301       1140   


LINKER GENERATED COPY TABLES

__TI_cinit_table @ 00001960 records: 2, size/record: 8, table size: 16
	.data: load addr=00001938, load size=0000000d bytes, run addr=20000000, run size=00000028 bytes, compression=lzss
	.bss: load addr=00001958, load size=00000008 bytes, run addr=20000028, run size=00000012 bytes, compression=zero_init


LINKER GENERATED HANDLER TABLE

__TI_handler_table @ 00001948 records: 3, size/record: 4, table size: 12
	index: 0, handler: __TI_decompress_lzss
	index: 1, handler: __TI_decompress_none
	index: 2, handler: __TI_zero_init


GLOBAL SYMBOLS: SORTED ALPHABETICALLY BY Name 

address   name                                   
-------   ----                                   
00001911  ADC14_IRQHandler                       
000004f1  ADC_Init                               
00001911  AES256_IRQHandler                      
0000191a  Blink                                  
000017f1  Blinker_Init                           
0000181b  Blinker_Output                         
20000038  BumpValue                              
00001711  Bump_Init                              
00001745  Bump_Read                              
00001911  BusFault_Handler                       
00001917  C$$EXIT                                
00001911  COMP_E0_IRQHandler                     
00001911  COMP_E1_IRQHandler                     
20000008  CPMwait                                
00001911  CS_IRQHandler                          
00000fcb  CheckBumper                            
20000000  ClockFrequency                         
000012c1  Clock_Delay1ms                         
00001297  Clock_Delay1us                         
00001283  Clock_GetFreq                          
0000116d  Clock_Init48MHz                        
20000014  Crystalstable                          
00001911  DMA_ERR_IRQHandler                     
00001911  DMA_INT0_IRQHandler                    
00001911  DMA_INT1_IRQHandler                    
00001911  DMA_INT2_IRQHandler                    
00001911  DMA_INT3_IRQHandler                    
00001911  DebugMon_Handler                       
00001911  Default_Handler                        
000018c1  DisableInterrupts                      
00001926  Duty                                   
00001911  EUSCIA0_IRQHandler                     
00001911  EUSCIA1_IRQHandler                     
00001911  EUSCIA2_IRQHandler                     
00001911  EUSCIA3_IRQHandler                     
00001911  EUSCIB0_IRQHandler                     
00001911  EUSCIB1_IRQHandler                     
00001911  EUSCIB2_IRQHandler                     
00001911  EUSCIB3_IRQHandler                     
000018c7  EnableInterrupts                       
000018d7  EndCritical                            
00001911  FLCTL_IRQHandler                       
00001911  FPU_IRQHandler                         
00001911  HardFault_Handler                      
20000010  IFlags                                 
000014d9  LaunchPad_Init                         
00001549  LaunchPad_Input                        
00001563  LaunchPad_LED                          
00001581  LaunchPad_Output                       
000000e5  LogicAnalyzer                          
000000ef  LogicAnalyzer_P1                       
000001c5  LogicAnalyzer_P10                      
000000fd  LogicAnalyzer_P2                       
000001d3  LogicAnalyzer_P27_P26_P82_P92_P104_P105
0000010b  LogicAnalyzer_P2_7654                  
0000011b  LogicAnalyzer_P3                       
00000129  LogicAnalyzer_P4                       
00000147  LogicAnalyzer_P4_765320                
00000137  LogicAnalyzer_P4_765432                
0000017f  LogicAnalyzer_P5                       
0000020b  LogicAnalyzer_P55_P54_P27_P26_P37_P36  
0000018d  LogicAnalyzer_P6                       
0000019b  LogicAnalyzer_P7                       
000001a9  LogicAnalyzer_P8                       
000001b7  LogicAnalyzer_P9                       
20000039  LogicData                              
00001911  MemManage_Handler                      
0000147b  Motor_Backward                         
000013b3  Motor_Forward                          
0000134d  Motor_Init                             
00001435  Motor_Left                             
000013ef  Motor_Right                            
0000139f  Motor_Stop                             
00001911  NMI_Handler                            
00001911  PCM_IRQHandler                         
00001911  PORT1_IRQHandler                       
00001911  PORT2_IRQHandler                       
00001911  PORT3_IRQHandler                       
00001911  PORT4_IRQHandler                       
00001911  PORT5_IRQHandler                       
00001911  PORT6_IRQHandler                       
00001911  PSS_IRQHandler                         
00000897  PWM_Duty1                              
000008b7  PWM_Duty2                              
0000095b  PWM_Duty3                              
0000097b  PWM_Duty4                              
000007ad  PWM_Init1                              
00000813  PWM_Init12                             
000008d7  PWM_Init34                             
00000ac3  PWM_RobotArmDuty0                      
00000ae9  PWM_RobotArmDuty1                      
00000b0f  PWM_RobotArmDuty2                      
00000ae3  PWM_RobotArmGetDuty0                   
00000b09  PWM_RobotArmGetDuty1                   
00000b2f  PWM_RobotArmGetDuty2                   
0000099b  PWM_RobotArmInit                       
00001911  PendSV_Handler                         
20000028  PeriodicTask2                          
000002b9  PeriodicTask2_Init                     
00000333  PeriodicTask2_Stop                     
2000000c  Postwait                               
20000004  Prewait                                
00000f19  Program13_1                            
000010b9  Program13_3                            
00001911  RTC_C_IRQHandler                       
00001905  Reset_Handler                          
2000002c  Running                                
00001911  SVC_Handler                            
00000235  Scope                                  
000018cd  StartCritical                          
00001911  SysTick_Handler                        
20000024  SystemCoreClock                        
00000bcd  SystemCoreClockUpdate                  
00000e41  SystemInit                             
00000323  T32_INT1_IRQHandler                    
00000323  T32_INT1_IRQHandler                    
00001911  T32_INT2_IRQHandler                    
00001911  T32_INTC_IRQHandler                    
00001911  TA0_0_IRQHandler                       
00001911  TA0_N_IRQHandler                       
0000163f  TA1_0_IRQHandler                       
0000163f  TA1_0_IRQHandler                       
00001911  TA1_N_IRQHandler                       
00001911  TA2_0_IRQHandler                       
00001911  TA2_N_IRQHandler                       
00001911  TA3_0_IRQHandler                       
00001911  TA3_N_IRQHandler                       
00000485  TExaS_Clear0                           
00000491  TExaS_Clear1                           
000004a5  TExaS_Clear2                           
000004b1  TExaS_Clear3                           
000004bd  TExaS_Clear4                           
000004bf  TExaS_Clear5                           
000004cb  TExaS_Clear6                           
000005b5  TExaS_Init                             
2000001c  TExaS_ScopeErrConflict                 
20000018  TExaS_ScopeErrLostData                 
20000020  TExaS_ScopeWrnReconfig                 
00000413  TExaS_Set                              
0000042b  TExaS_Set0                             
00000437  TExaS_Set1                             
00000443  TExaS_Set2                             
0000044f  TExaS_Set3                             
0000045b  TExaS_Set4                             
0000045d  TExaS_Set5                             
00000475  TExaS_Set6                             
00000741  TExaS_Stop                             
000003c9  TExaS_Task0                            
000003d5  TExaS_Task1                            
000003e1  TExaS_Task2                            
000003ed  TExaS_Task3                            
000003f9  TExaS_Task4                            
000003fb  TExaS_Task5                            
00000407  TExaS_Task6                            
00000f7d  Task                                   
20000030  Time                                   
00000ef9  TimedPause                             
00000fed  TimedPauseNew                          
20000034  TimerA1Task                            
000015cd  TimerA1_Init                           
0000162b  TimerA1_Stop                           
0000039d  UART_InChar                            
00000343  UART_Init                              
000003ad  UART_OutChar                           
00001911  UsageFault_Handler                     
4000480c  WDTCTL_SYM                             
00001911  WDT_A_IRQHandler                       
000018df  WaitForInterrupt                       
20010000  __STACK_END                            
00000200  __STACK_SIZE                           
00001960  __TI_CINIT_Base                        
00001970  __TI_CINIT_Limit                       
00001948  __TI_Handler_Table_Base                
00001954  __TI_Handler_Table_Limit               
00001849  __TI_auto_init_nobinit_nopinit         
00001789  __TI_decompress_lzss                   
000018f7  __TI_decompress_none                   
ffffffff  __TI_pprof_out_hndl                    
ffffffff  __TI_prof_data_size                    
ffffffff  __TI_prof_data_start                   
00000000  __TI_static_base__                     
000018e5  __TI_zero_init_nomemset                
00001675  __aeabi_memcpy                         
00001675  __aeabi_memcpy4                        
00001675  __aeabi_memcpy8                        
ffffffff  __binit__                              
ffffffff  __c_args__                             
UNDEFED   __mpu_init                             
2000fe00  __stack                                
0000188d  _c_int00_noargs                        
UNDEFED   _system_post_cinit                     
00001913  _system_pre_init                       
00001917  abort                                  
ffffffff  binit                                  
00001289  delay                                  
00000000  interruptVectors                       
00000fa7  main                                   
00001675  memcpy                                 
00001003  realmain                               


GLOBAL SYMBOLS: SORTED BY Symbol Address 

address   name                                   
-------   ----                                   
00000000  __TI_static_base__                     
00000000  interruptVectors                       
000000e5  LogicAnalyzer                          
000000ef  LogicAnalyzer_P1                       
000000fd  LogicAnalyzer_P2                       
0000010b  LogicAnalyzer_P2_7654                  
0000011b  LogicAnalyzer_P3                       
00000129  LogicAnalyzer_P4                       
00000137  LogicAnalyzer_P4_765432                
00000147  LogicAnalyzer_P4_765320                
0000017f  LogicAnalyzer_P5                       
0000018d  LogicAnalyzer_P6                       
0000019b  LogicAnalyzer_P7                       
000001a9  LogicAnalyzer_P8                       
000001b7  LogicAnalyzer_P9                       
000001c5  LogicAnalyzer_P10                      
000001d3  LogicAnalyzer_P27_P26_P82_P92_P104_P105
00000200  __STACK_SIZE                           
0000020b  LogicAnalyzer_P55_P54_P27_P26_P37_P36  
00000235  Scope                                  
000002b9  PeriodicTask2_Init                     
00000323  T32_INT1_IRQHandler                    
00000323  T32_INT1_IRQHandler                    
00000333  PeriodicTask2_Stop                     
00000343  UART_Init                              
0000039d  UART_InChar                            
000003ad  UART_OutChar                           
000003c9  TExaS_Task0                            
000003d5  TExaS_Task1                            
000003e1  TExaS_Task2                            
000003ed  TExaS_Task3                            
000003f9  TExaS_Task4                            
000003fb  TExaS_Task5                            
00000407  TExaS_Task6                            
00000413  TExaS_Set                              
0000042b  TExaS_Set0                             
00000437  TExaS_Set1                             
00000443  TExaS_Set2                             
0000044f  TExaS_Set3                             
0000045b  TExaS_Set4                             
0000045d  TExaS_Set5                             
00000475  TExaS_Set6                             
00000485  TExaS_Clear0                           
00000491  TExaS_Clear1                           
000004a5  TExaS_Clear2                           
000004b1  TExaS_Clear3                           
000004bd  TExaS_Clear4                           
000004bf  TExaS_Clear5                           
000004cb  TExaS_Clear6                           
000004f1  ADC_Init                               
000005b5  TExaS_Init                             
00000741  TExaS_Stop                             
000007ad  PWM_Init1                              
00000813  PWM_Init12                             
00000897  PWM_Duty1                              
000008b7  PWM_Duty2                              
000008d7  PWM_Init34                             
0000095b  PWM_Duty3                              
0000097b  PWM_Duty4                              
0000099b  PWM_RobotArmInit                       
00000ac3  PWM_RobotArmDuty0                      
00000ae3  PWM_RobotArmGetDuty0                   
00000ae9  PWM_RobotArmDuty1                      
00000b09  PWM_RobotArmGetDuty1                   
00000b0f  PWM_RobotArmDuty2                      
00000b2f  PWM_RobotArmGetDuty2                   
00000bcd  SystemCoreClockUpdate                  
00000e41  SystemInit                             
00000ef9  TimedPause                             
00000f19  Program13_1                            
00000f7d  Task                                   
00000fa7  main                                   
00000fcb  CheckBumper                            
00000fed  TimedPauseNew                          
00001003  realmain                               
000010b9  Program13_3                            
0000116d  Clock_Init48MHz                        
00001283  Clock_GetFreq                          
00001289  delay                                  
00001297  Clock_Delay1us                         
000012c1  Clock_Delay1ms                         
0000134d  Motor_Init                             
0000139f  Motor_Stop                             
000013b3  Motor_Forward                          
000013ef  Motor_Right                            
00001435  Motor_Left                             
0000147b  Motor_Backward                         
000014d9  LaunchPad_Init                         
00001549  LaunchPad_Input                        
00001563  LaunchPad_LED                          
00001581  LaunchPad_Output                       
000015cd  TimerA1_Init                           
0000162b  TimerA1_Stop                           
0000163f  TA1_0_IRQHandler                       
0000163f  TA1_0_IRQHandler                       
00001675  __aeabi_memcpy                         
00001675  __aeabi_memcpy4                        
00001675  __aeabi_memcpy8                        
00001675  memcpy                                 
00001711  Bump_Init                              
00001745  Bump_Read                              
00001789  __TI_decompress_lzss                   
000017f1  Blinker_Init                           
0000181b  Blinker_Output                         
00001849  __TI_auto_init_nobinit_nopinit         
0000188d  _c_int00_noargs                        
000018c1  DisableInterrupts                      
000018c7  EnableInterrupts                       
000018cd  StartCritical                          
000018d7  EndCritical                            
000018df  WaitForInterrupt                       
000018e5  __TI_zero_init_nomemset                
000018f7  __TI_decompress_none                   
00001905  Reset_Handler                          
00001911  ADC14_IRQHandler                       
00001911  AES256_IRQHandler                      
00001911  BusFault_Handler                       
00001911  COMP_E0_IRQHandler                     
00001911  COMP_E1_IRQHandler                     
00001911  CS_IRQHandler                          
00001911  DMA_ERR_IRQHandler                     
00001911  DMA_INT0_IRQHandler                    
00001911  DMA_INT1_IRQHandler                    
00001911  DMA_INT2_IRQHandler                    
00001911  DMA_INT3_IRQHandler                    
00001911  DebugMon_Handler                       
00001911  Default_Handler                        
00001911  EUSCIA0_IRQHandler                     
00001911  EUSCIA1_IRQHandler                     
00001911  EUSCIA2_IRQHandler                     
00001911  EUSCIA3_IRQHandler                     
00001911  EUSCIB0_IRQHandler                     
00001911  EUSCIB1_IRQHandler                     
00001911  EUSCIB2_IRQHandler                     
00001911  EUSCIB3_IRQHandler                     
00001911  FLCTL_IRQHandler                       
00001911  FPU_IRQHandler                         
00001911  HardFault_Handler                      
00001911  MemManage_Handler                      
00001911  NMI_Handler                            
00001911  PCM_IRQHandler                         
00001911  PORT1_IRQHandler                       
00001911  PORT2_IRQHandler                       
00001911  PORT3_IRQHandler                       
00001911  PORT4_IRQHandler                       
00001911  PORT5_IRQHandler                       
00001911  PORT6_IRQHandler                       
00001911  PSS_IRQHandler                         
00001911  PendSV_Handler                         
00001911  RTC_C_IRQHandler                       
00001911  SVC_Handler                            
00001911  SysTick_Handler                        
00001911  T32_INT2_IRQHandler                    
00001911  T32_INTC_IRQHandler                    
00001911  TA0_0_IRQHandler                       
00001911  TA0_N_IRQHandler                       
00001911  TA1_N_IRQHandler                       
00001911  TA2_0_IRQHandler                       
00001911  TA2_N_IRQHandler                       
00001911  TA3_0_IRQHandler                       
00001911  TA3_N_IRQHandler                       
00001911  UsageFault_Handler                     
00001911  WDT_A_IRQHandler                       
00001913  _system_pre_init                       
00001917  C$$EXIT                                
00001917  abort                                  
0000191a  Blink                                  
00001926  Duty                                   
00001948  __TI_Handler_Table_Base                
00001954  __TI_Handler_Table_Limit               
00001960  __TI_CINIT_Base                        
00001970  __TI_CINIT_Limit                       
20000000  ClockFrequency                         
20000004  Prewait                                
20000008  CPMwait                                
2000000c  Postwait                               
20000010  IFlags                                 
20000014  Crystalstable                          
20000018  TExaS_ScopeErrLostData                 
2000001c  TExaS_ScopeErrConflict                 
20000020  TExaS_ScopeWrnReconfig                 
20000024  SystemCoreClock                        
20000028  PeriodicTask2                          
2000002c  Running                                
20000030  Time                                   
20000034  TimerA1Task                            
20000038  BumpValue                              
20000039  LogicData                              
2000fe00  __stack                                
20010000  __STACK_END                            
4000480c  WDTCTL_SYM                             
ffffffff  __TI_pprof_out_hndl                    
ffffffff  __TI_prof_data_size                    
ffffffff  __TI_prof_data_start                   
ffffffff  __binit__                              
ffffffff  __c_args__                             
ffffffff  binit                                  
UNDEFED   __mpu_init                             
UNDEFED   _system_post_cinit                     

[199 symbols]
