******************************************************************************
                  TI ARM Linker PC v18.12.1                    
******************************************************************************
>> Linked Wed Jul 31 21:52:54 2019

OUTPUT FILE NAME:   <Lab06_GPIO.out>
ENTRY POINT SYMBOL: "_c_int00_noargs"  address: 00001175


MEMORY CONFIGURATION

         name            origin    length      used     unused   attr    fill
----------------------  --------  ---------  --------  --------  ----  --------
  MAIN                  00000000   00040000  00001256  0003edaa  R  X
  INFO                  00200000   00004000  00000000  00004000  R  X
  SRAM_CODE             01000000   00010000  00000233  0000fdcd  RW X
  SRAM_DATA             20000000   00010000  00000233  0000fdcd  RW  


SEGMENT ALLOCATION MAP

run origin  load origin   length   init length attrs members
----------  ----------- ---------- ----------- ----- -------
00000000    00000000    00001258   00001258    r-x
  00000000    00000000    000000e4   000000e4    r-- .intvecs
  000000e4    000000e4    000010fa   000010fa    r-x .text
  000011e0    000011e0    00000040   00000040    r-- .const
  00001220    00001220    00000038   00000038    r-- .cinit
20000000    20000000    00000033   00000000    rw-
  20000000    20000000    00000028   00000000    rw- .data
  20000028    20000028    0000000b   00000000    rw- .bss
2000fe00    2000fe00    00000200   00000000    rw-
  2000fe00    2000fe00    00000200   00000000    rw- .stack


SECTION ALLOCATION MAP

 output                                  attributes/
section   page    origin      length       input sections
--------  ----  ----------  ----------   ----------------
.intvecs   0    00000000    000000e4     
                  00000000    000000e4     startup_msp432p401r_ccs.obj (.intvecs:retain)

.text      0    000000e4    000010fa     
                  000000e4    000006c8     TExaS.obj (.text)
                  000007ac    0000032c     system_msp432p401r.obj (.text)
                  00000ad8    000001e0     Clock.obj (.text)
                  00000cb8    000001c8     Reflectance.obj (.text)
                  00000e80    000001ac     Lab06_GPIOmain.obj (.text)
                  0000102c    0000009c     rtsv7M4_T_le_v4SPD16_eabi.lib : memcpy_t2.asm.obj (.text)
                  000010c8    00000068                                   : copy_decompress_lzss.c.obj (.text:decompress:lzss:__TI_decompress_lzss)
                  00001130    00000044                                   : autoinit.c.obj (.text:__TI_auto_init_nobinit_nopinit:__TI_auto_init_nobinit_nopinit)
                  00001174    00000034                                   : boot_cortex_m.c.obj (.text:_c_int00_noargs:_c_int00_noargs)
                  000011a8    00000012                                   : copy_zero_init.c.obj (.text:decompress:ZI:__TI_zero_init_nomemset:__TI_zero_init_nomemset)
                  000011ba    0000000e                                   : copy_decompress_none.c.obj (.text:decompress:none:__TI_decompress_none)
                  000011c8    0000000e     startup_msp432p401r_ccs.obj (.text)
                  000011d6    00000004     rtsv7M4_T_le_v4SPD16_eabi.lib : pre_init.c.obj (.text:_system_pre_init)
                  000011da    00000004                                   : exit.c.obj (.text:abort:abort)

.const     0    000011e0    00000040     
                  000011e0    00000020     Reflectance.obj (.const:Mask)
                  00001200    00000020     Reflectance.obj (.const:Weight)

.cinit     0    00001220    00000038     
                  00001220    0000000d     (.cinit..data.load) [load image, compression = lzss]
                  0000122d    00000003     --HOLE-- [fill = 0]
                  00001230    0000000c     (__TI_handler_table)
                  0000123c    00000004     --HOLE-- [fill = 0]
                  00001240    00000008     (.cinit..bss.load) [load image, compression = zero_init]
                  00001248    00000010     (__TI_cinit_table)

.init_array 
*          0    00000000    00000000     UNINITIALIZED

.binit     0    00000000    00000000     

.data      0    20000000    00000028     UNINITIALIZED
                  20000000    00000018     Clock.obj (.data)
                  20000018    0000000c     TExaS.obj (.data)
                  20000024    00000004     system_msp432p401r.obj (.data)

.bss       0    20000028    0000000b     UNINITIALIZED
                  20000028    00000004     (.common:PeriodicTask2)
                  2000002c    00000004     (.common:Position)
                  20000030    00000001     (.common:Data)
                  20000031    00000001     (.common:LogicData)
                  20000032    00000001     (.common:Reflectanceresult)

.stack     0    2000fe00    00000200     UNINITIALIZED
                  2000fe00    00000004     rtsv7M4_T_le_v4SPD16_eabi.lib : boot_cortex_m.c.obj (.stack)
                  2000fe04    000001fc     --HOLE--

MODULE SUMMARY

       Module                        code   ro data   rw data
       ------                        ----   -------   -------
    .\
       TExaS.obj                     1736   0         34     
       system_msp432p401r.obj        812    0         8      
       Clock.obj                     480    0         48     
       Reflectance.obj               456    64        2      
       Lab06_GPIOmain.obj            428    0         10     
       startup_msp432p401r_ccs.obj   14     228       0      
    +--+-----------------------------+------+---------+---------+
       Total:                        3926   292       102    
                                                             
    E:\ti\ccs900\ccs\tools\compiler\ti-cgt-arm_18.12.1.LTS\lib\rtsv7M4_T_le_v4SPD16_eabi.lib
       memcpy_t2.asm.obj             156    0         0      
       copy_decompress_lzss.c.obj    104    0         0      
       autoinit.c.obj                68     0         0      
       boot_cortex_m.c.obj           52     0         0      
       copy_zero_init.c.obj          18     0         0      
       copy_decompress_none.c.obj    14     0         0      
       exit.c.obj                    4      0         0      
       pre_init.c.obj                4      0         0      
    +--+-----------------------------+------+---------+---------+
       Total:                        420    0         0      
                                                             
       Stack:                        0      0         1024   
       Linker Generated:             0      49        0      
    +--+-----------------------------+------+---------+---------+
       Grand Total:                  4346   341       1126   


LINKER GENERATED COPY TABLES

__TI_cinit_table @ 00001248 records: 2, size/record: 8, table size: 16
	.data: load addr=00001220, load size=0000000d bytes, run addr=20000000, run size=00000028 bytes, compression=lzss
	.bss: load addr=00001240, load size=00000008 bytes, run addr=20000028, run size=0000000b bytes, compression=zero_init


LINKER GENERATED HANDLER TABLE

__TI_handler_table @ 00001230 records: 3, size/record: 4, table size: 12
	index: 0, handler: __TI_decompress_lzss
	index: 1, handler: __TI_decompress_none
	index: 2, handler: __TI_zero_init


GLOBAL SYMBOLS: SORTED ALPHABETICALLY BY Name 

address   name                                   
-------   ----                                   
000011d5  ADC14_IRQHandler                       
000004f1  ADC_Init                               
000011d5  AES256_IRQHandler                      
000011d5  BusFault_Handler                       
000011db  C$$EXIT                                
000011d5  COMP_E0_IRQHandler                     
000011d5  COMP_E1_IRQHandler                     
20000008  CPMwait                                
000011d5  CS_IRQHandler                          
20000000  ClockFrequency                         
00000c2d  Clock_Delay1ms                         
00000c03  Clock_Delay1us                         
00000bef  Clock_GetFreq                          
00000ad9  Clock_Init48MHz                        
20000014  Crystalstable                          
000011d5  DMA_ERR_IRQHandler                     
000011d5  DMA_INT0_IRQHandler                    
000011d5  DMA_INT1_IRQHandler                    
000011d5  DMA_INT2_IRQHandler                    
000011d5  DMA_INT3_IRQHandler                    
20000030  Data                                   
000011d5  DebugMon_Handler                       
000011d5  Default_Handler                        
000011d5  EUSCIA0_IRQHandler                     
000011d5  EUSCIA1_IRQHandler                     
000011d5  EUSCIA2_IRQHandler                     
000011d5  EUSCIA3_IRQHandler                     
000011d5  EUSCIB0_IRQHandler                     
000011d5  EUSCIB1_IRQHandler                     
000011d5  EUSCIB2_IRQHandler                     
000011d5  EUSCIB3_IRQHandler                     
000011d5  FLCTL_IRQHandler                       
000011d5  FPU_IRQHandler                         
000011d5  HardFault_Handler                      
20000010  IFlags                                 
000000e5  LogicAnalyzer                          
000000ef  LogicAnalyzer_P1                       
000001c5  LogicAnalyzer_P10                      
000000fd  LogicAnalyzer_P2                       
000001d3  LogicAnalyzer_P27_P26_P82_P92_P104_P105
0000010b  LogicAnalyzer_P2_7654                  
0000011b  LogicAnalyzer_P3                       
00000129  LogicAnalyzer_P4                       
00000147  LogicAnalyzer_P4_765320                
00000137  LogicAnalyzer_P4_765432                
0000017f  LogicAnalyzer_P5                       
0000020b  LogicAnalyzer_P55_P54_P27_P26_P37_P36  
0000018d  LogicAnalyzer_P6                       
0000019b  LogicAnalyzer_P7                       
000001a9  LogicAnalyzer_P8                       
000001b7  LogicAnalyzer_P9                       
20000031  LogicData                              
000011e0  Mask                                   
000011d5  MemManage_Handler                      
000011d5  NMI_Handler                            
000011d5  PCM_IRQHandler                         
000011d5  PORT1_IRQHandler                       
000011d5  PORT2_IRQHandler                       
000011d5  PORT3_IRQHandler                       
000011d5  PORT4_IRQHandler                       
000011d5  PORT5_IRQHandler                       
000011d5  PORT6_IRQHandler                       
000011d5  PSS_IRQHandler                         
000011d5  PendSV_Handler                         
20000028  PeriodicTask2                          
000002b9  PeriodicTask2_Init                     
00000333  PeriodicTask2_Stop                     
2000002c  Position                               
2000000c  Postwait                               
20000004  Prewait                                
00000e81  Program6_1                             
000011d5  RTC_C_IRQHandler                       
00000d75  Reflectance_Center                     
00000e1d  Reflectance_End                        
00000cb9  Reflectance_Init                       
00000d87  Reflectance_Position                   
00000d1d  Reflectance_Read                       
00000ded  Reflectance_Start                      
20000032  Reflectanceresult                      
000011c9  Reset_Handler                          
000011d5  SVC_Handler                            
00000235  Scope                                  
000011d5  SysTick_Handler                        
20000024  SystemCoreClock                        
000007ad  SystemCoreClockUpdate                  
00000a21  SystemInit                             
00000323  T32_INT1_IRQHandler                    
00000323  T32_INT1_IRQHandler                    
000011d5  T32_INT2_IRQHandler                    
000011d5  T32_INTC_IRQHandler                    
000011d5  TA0_0_IRQHandler                       
000011d5  TA0_N_IRQHandler                       
000011d5  TA1_0_IRQHandler                       
000011d5  TA1_N_IRQHandler                       
000011d5  TA2_0_IRQHandler                       
000011d5  TA2_N_IRQHandler                       
000011d5  TA3_0_IRQHandler                       
000011d5  TA3_N_IRQHandler                       
00000485  TExaS_Clear0                           
00000491  TExaS_Clear1                           
000004a5  TExaS_Clear2                           
000004b1  TExaS_Clear3                           
000004bd  TExaS_Clear4                           
000004bf  TExaS_Clear5                           
000004cb  TExaS_Clear6                           
000005b5  TExaS_Init                             
2000001c  TExaS_ScopeErrConflict                 
20000018  TExaS_ScopeErrLostData                 
20000020  TExaS_ScopeWrnReconfig                 
00000413  TExaS_Set                              
0000042b  TExaS_Set0                             
00000437  TExaS_Set1                             
00000443  TExaS_Set2                             
0000044f  TExaS_Set3                             
0000045b  TExaS_Set4                             
0000045d  TExaS_Set5                             
00000475  TExaS_Set6                             
00000741  TExaS_Stop                             
000003c9  TExaS_Task0                            
000003d5  TExaS_Task1                            
000003e1  TExaS_Task2                            
000003ed  TExaS_Task3                            
000003f9  TExaS_Task4                            
000003fb  TExaS_Task5                            
00000407  TExaS_Task6                            
0000039d  UART_InChar                            
00000343  UART_Init                              
000003ad  UART_OutChar                           
000011d5  UsageFault_Handler                     
4000480c  WDTCTL_SYM                             
000011d5  WDT_A_IRQHandler                       
00001200  Weight                                 
20010000  __STACK_END                            
00000200  __STACK_SIZE                           
00001248  __TI_CINIT_Base                        
00001258  __TI_CINIT_Limit                       
00001230  __TI_Handler_Table_Base                
0000123c  __TI_Handler_Table_Limit               
00001131  __TI_auto_init_nobinit_nopinit         
000010c9  __TI_decompress_lzss                   
000011bb  __TI_decompress_none                   
ffffffff  __TI_pprof_out_hndl                    
ffffffff  __TI_prof_data_size                    
ffffffff  __TI_prof_data_start                   
00000000  __TI_static_base__                     
000011a9  __TI_zero_init_nomemset                
0000102d  __aeabi_memcpy                         
0000102d  __aeabi_memcpy4                        
0000102d  __aeabi_memcpy8                        
ffffffff  __binit__                              
ffffffff  __c_args__                             
UNDEFED   __mpu_init                             
2000fe00  __stack                                
00001175  _c_int00_noargs                        
UNDEFED   _system_post_cinit                     
000011d7  _system_pre_init                       
000011db  abort                                  
ffffffff  binit                                  
00000bf5  delay                                  
00000000  interruptVectors                       
00000ea5  main                                   
00000ed5  main2                                  
00000f75  main3                                  
0000102d  memcpy                                 


GLOBAL SYMBOLS: SORTED BY Symbol Address 

address   name                                   
-------   ----                                   
00000000  __TI_static_base__                     
00000000  interruptVectors                       
000000e5  LogicAnalyzer                          
000000ef  LogicAnalyzer_P1                       
000000fd  LogicAnalyzer_P2                       
0000010b  LogicAnalyzer_P2_7654                  
0000011b  LogicAnalyzer_P3                       
00000129  LogicAnalyzer_P4                       
00000137  LogicAnalyzer_P4_765432                
00000147  LogicAnalyzer_P4_765320                
0000017f  LogicAnalyzer_P5                       
0000018d  LogicAnalyzer_P6                       
0000019b  LogicAnalyzer_P7                       
000001a9  LogicAnalyzer_P8                       
000001b7  LogicAnalyzer_P9                       
000001c5  LogicAnalyzer_P10                      
000001d3  LogicAnalyzer_P27_P26_P82_P92_P104_P105
00000200  __STACK_SIZE                           
0000020b  LogicAnalyzer_P55_P54_P27_P26_P37_P36  
00000235  Scope                                  
000002b9  PeriodicTask2_Init                     
00000323  T32_INT1_IRQHandler                    
00000323  T32_INT1_IRQHandler                    
00000333  PeriodicTask2_Stop                     
00000343  UART_Init                              
0000039d  UART_InChar                            
000003ad  UART_OutChar                           
000003c9  TExaS_Task0                            
000003d5  TExaS_Task1                            
000003e1  TExaS_Task2                            
000003ed  TExaS_Task3                            
000003f9  TExaS_Task4                            
000003fb  TExaS_Task5                            
00000407  TExaS_Task6                            
00000413  TExaS_Set                              
0000042b  TExaS_Set0                             
00000437  TExaS_Set1                             
00000443  TExaS_Set2                             
0000044f  TExaS_Set3                             
0000045b  TExaS_Set4                             
0000045d  TExaS_Set5                             
00000475  TExaS_Set6                             
00000485  TExaS_Clear0                           
00000491  TExaS_Clear1                           
000004a5  TExaS_Clear2                           
000004b1  TExaS_Clear3                           
000004bd  TExaS_Clear4                           
000004bf  TExaS_Clear5                           
000004cb  TExaS_Clear6                           
000004f1  ADC_Init                               
000005b5  TExaS_Init                             
00000741  TExaS_Stop                             
000007ad  SystemCoreClockUpdate                  
00000a21  SystemInit                             
00000ad9  Clock_Init48MHz                        
00000bef  Clock_GetFreq                          
00000bf5  delay                                  
00000c03  Clock_Delay1us                         
00000c2d  Clock_Delay1ms                         
00000cb9  Reflectance_Init                       
00000d1d  Reflectance_Read                       
00000d75  Reflectance_Center                     
00000d87  Reflectance_Position                   
00000ded  Reflectance_Start                      
00000e1d  Reflectance_End                        
00000e81  Program6_1                             
00000ea5  main                                   
00000ed5  main2                                  
00000f75  main3                                  
0000102d  __aeabi_memcpy                         
0000102d  __aeabi_memcpy4                        
0000102d  __aeabi_memcpy8                        
0000102d  memcpy                                 
000010c9  __TI_decompress_lzss                   
00001131  __TI_auto_init_nobinit_nopinit         
00001175  _c_int00_noargs                        
000011a9  __TI_zero_init_nomemset                
000011bb  __TI_decompress_none                   
000011c9  Reset_Handler                          
000011d5  ADC14_IRQHandler                       
000011d5  AES256_IRQHandler                      
000011d5  BusFault_Handler                       
000011d5  COMP_E0_IRQHandler                     
000011d5  COMP_E1_IRQHandler                     
000011d5  CS_IRQHandler                          
000011d5  DMA_ERR_IRQHandler                     
000011d5  DMA_INT0_IRQHandler                    
000011d5  DMA_INT1_IRQHandler                    
000011d5  DMA_INT2_IRQHandler                    
000011d5  DMA_INT3_IRQHandler                    
000011d5  DebugMon_Handler                       
000011d5  Default_Handler                        
000011d5  EUSCIA0_IRQHandler                     
000011d5  EUSCIA1_IRQHandler                     
000011d5  EUSCIA2_IRQHandler                     
000011d5  EUSCIA3_IRQHandler                     
000011d5  EUSCIB0_IRQHandler                     
000011d5  EUSCIB1_IRQHandler                     
000011d5  EUSCIB2_IRQHandler                     
000011d5  EUSCIB3_IRQHandler                     
000011d5  FLCTL_IRQHandler                       
000011d5  FPU_IRQHandler                         
000011d5  HardFault_Handler                      
000011d5  MemManage_Handler                      
000011d5  NMI_Handler                            
000011d5  PCM_IRQHandler                         
000011d5  PORT1_IRQHandler                       
000011d5  PORT2_IRQHandler                       
000011d5  PORT3_IRQHandler                       
000011d5  PORT4_IRQHandler                       
000011d5  PORT5_IRQHandler                       
000011d5  PORT6_IRQHandler                       
000011d5  PSS_IRQHandler                         
000011d5  PendSV_Handler                         
000011d5  RTC_C_IRQHandler                       
000011d5  SVC_Handler                            
000011d5  SysTick_Handler                        
000011d5  T32_INT2_IRQHandler                    
000011d5  T32_INTC_IRQHandler                    
000011d5  TA0_0_IRQHandler                       
000011d5  TA0_N_IRQHandler                       
000011d5  TA1_0_IRQHandler                       
000011d5  TA1_N_IRQHandler                       
000011d5  TA2_0_IRQHandler                       
000011d5  TA2_N_IRQHandler                       
000011d5  TA3_0_IRQHandler                       
000011d5  TA3_N_IRQHandler                       
000011d5  UsageFault_Handler                     
000011d5  WDT_A_IRQHandler                       
000011d7  _system_pre_init                       
000011db  C$$EXIT                                
000011db  abort                                  
000011e0  Mask                                   
00001200  Weight                                 
00001230  __TI_Handler_Table_Base                
0000123c  __TI_Handler_Table_Limit               
00001248  __TI_CINIT_Base                        
00001258  __TI_CINIT_Limit                       
20000000  ClockFrequency                         
20000004  Prewait                                
20000008  CPMwait                                
2000000c  Postwait                               
20000010  IFlags                                 
20000014  Crystalstable                          
20000018  TExaS_ScopeErrLostData                 
2000001c  TExaS_ScopeErrConflict                 
20000020  TExaS_ScopeWrnReconfig                 
20000024  SystemCoreClock                        
20000028  PeriodicTask2                          
2000002c  Position                               
20000030  Data                                   
20000031  LogicData                              
20000032  Reflectanceresult                      
2000fe00  __stack                                
20010000  __STACK_END                            
4000480c  WDTCTL_SYM                             
ffffffff  __TI_pprof_out_hndl                    
ffffffff  __TI_prof_data_size                    
ffffffff  __TI_prof_data_start                   
ffffffff  __binit__                              
ffffffff  __c_args__                             
ffffffff  binit                                  
UNDEFED   __mpu_init                             
UNDEFED   _system_post_cinit                     

[164 symbols]
